000HHHHHCCCCCCCCCCCCCCCCCCCCCCCCCCCCCCCCCCCCCCHHHHCHHHHHHHHHHHHHHHHHHHHHHHHHHHHHHHHHHHHHHHHHHHHHHHHHHHHHHHHHHHHHHHHHHHHHHHHHHHHHHHHHHHHHHHHHCHHHHHHHHHHHHHH00HHHHHHHHHHHHHHHHHHH00000000000000000000HHHHHHHHHHH0000000000H000000HHHHH0000HHHHHHHHHH0000000000000000000000000HHHHHHHHHHCCCCCCCCHHHHHHHHHHHHHH
000HHHHHCCCCCCCCCCCCCCCCCCCCCCCCCCCCCCCCCCCCCHCCCCHHHHHHHHHHHHHHHHHHHHHHHHHHHHHHHHHHHHHHHHHHHHHHHHHHHHHHHHHHHHHHHHHHHHHHHHHHHHHHHHHHHHHHHHHHHHHHHHHHHHHHHHH0HHHHHHHHHHHHHHHHHHHHH0000000000000000000HHHHHHHHHHH00000000000000000000HH000HHHHHHHHHHH000000000000000000000000HHHHHHHHHHHCCCCCCCHHHHHH0HHHHHHHH
000HHHHHHCCCCCCCCCCCCCCCCCCCCCCCCCCCCCCCCCCCCCCCCCCHHHHHHHHHHHHHHHHHHHHHHHHHHHHHHHHHHHHHHHHHHHHHHHHHHHHHHHHHHHHHHHHHHHHHHHHHHHHHHHHHHHHHHHHHHHHHHHHHHHHHHHHHH00HHHHHHHHHHHHHHHHHHHH000000000000HHHHHHHHHHHHHHHHH0000000000000000000HHHHHHHHHHHHHHHHH00000H00000000000000000HHHHHHHHHHHCCCCCCCHHHHH0H0HHHHHHH
000HHHHHHCCCCCCCCCCCCCCCCCCCCCCCCCCCCCCCCCCCCCCCCCCHHHHHHHHHHHHHHHHHHHHHHHHHHHHHHHHHHHHHHHHHHHHHHHHHHHHHHHHHHHHHHHHHHHHHHHHHHHHHHHHHHHHHHHHHHHHHHHHHHHHHHHHHH00HHHHHHHHHHHHHHHHHHH00000000HHHHHHHHHHHHHHHHHHHHHH000000000000H0000000HHHHHHHHHHHHHHHH00000H00000000000000000HHHHHHHHHHCCCCCCCHHHHHHH0HHHHHH00
000HHHHHHCCCCCCCCCCCCCCCCCCCCCCCCCCCCCCCCCCCCCCCHHHHHHHHHHHHHHHHHHHHHHHHHHHHHHHHHHHHHHHHHHHHHHHHHHHHHHHHHHHHHHHHHHHHHHHHHHHHHHHHHHHHHHHHHHHHHHHHHHHHHHHHHHHHH0000HHHHHHHHHHHHHHHHH00000HHHHHHHHHHHHHHHHHHHHHHHH000000000H00HHH000000HHHHHHHHHHHHHHH00000000000000000000000HHHHHHHHHHHCCHHHHHHHHHHHHHHHHHHHHH
000HHHHHHHCCCCCCCCCCCCCCCCCCCCCCCCCCCCCCCCCCCCCCHHHHHHHHHHHHHHHHHHHHHHHHHHHHHHHHHHHHHHHHHHHHHHHHHHHHHHHHHHHHHHHHHHHHHHHHHHHHHHHHHHHHHHHHHHHHHHHHHHHHHHHHHHHH000000HHHHHHHHHHHHHHHH0000HHHHHHHHHHHHHHHHHHHHHHHH000000000H000HH0000000HHHHHHHHHHHHHHH00000000000000000000000HHHHHHHHHHHCCHHHHHHHHHHHHHHHHHHHHH
000HHHHHHHCCHCCCCCCCCCCCCCCCCCCCCCCCCCCCCCCCCCCHHHHHHHHHHHHHHHHHHHHHHHHHHHHHHHHHHHHHHHHHHHHHHHHHHHHHHHHHHHHHHHHHHHHHHHHHHHHHHHHHHHHHHHHHHHHHHHHHHHHHHHHHHHHHH0000HHHHHHHHHHHHHHHHH0000HHHHHHHHHHHHHHHHHHHHHHHHH0000000000000H0000000HHHHHHHHHHHHHHH0000000000000000000000HH00HHHHHHHHHHHHHHHHHHHHHHHHHHHHHHH
0000HHHHHHHHHHCCCCCCCCCCCHHHHHCHHCCCCCCCCCCCCCHHHHHHHHHHHHHHHHHHHHHHHCCCCCCHHHHHHHHHHHHHHHHHHHHHHHHHHHHHHHHHHHHHHHHHHHHHHHHHHHHHHHHHHHHHHHHHHHHHHHHHHHHHHHHHH00HHHHHHHHHHHHHHHHHHHHHHHHHHHHHHHHHHHHHHHHHHHHHHHHH000000000HH00000000HHHHHHHHHH000000000000HHHH0000000000000H00HHHHHHHHHHHHHHHHHHHHHHHHHHHHHHH
0000HHHHHHCCHHHHCCCCCCCCHHHHHHHHHHHCCCCCCCCCCHHHHHHHHHHHHHHHHHHHHHHHHCCCCCCHHHHHHHHCHHHCCHHHHHHHHHHHHHHHHHHHHHHHHHHHHHHHHHHHHHHHHHHHHHHHHHHHHHHHHHHHHHHHHHHHH00HHHHHHHHHHHHHHHHHHHHHHHHHHHHHHHHHHHHHHHHHHHHHHHHHH000H00000000000000HHHHHHHHHH000000000000HHH000000000000000000HHHHHHHHHHHHHHHHHHHHHHHHHHHHHH
000HHHHHHHHCCCCCCCCCCCCCHHHHHHHHHHHHCCCCCCCCHHHHHHHHHHHHHHHHHHHHHHHHHCCCCCHHHHHHCCCCCCCCCCCCCHHHHHHHHHHHHHHHHHHHHHHHHHHH0HHHHHHHHHHHHHHHHHHHHHHHHHHHHHHHHHHHHHHHHHHHHHHHHHHHHHHHHHHHHHHHHHHHHHHHHHHHHHHHHHHHHHHHHHHHH00000000000000HHHHHHHHHHH00000000000000000000000000000000HHHHHHHHHHHHHHHHHHHHHHHHHHHHHH
000HHHHHHHHHCCCCHCCCCCCCHHHHHHHHHHHHHHCCCCCCHHHHHHHHHHHHHHHHHHHHHHHHHCCCCCCCCHHCCCCCCCCCCCCCCCHHHHHHHHHHHHHHHHHHHHHHHHH00HHHHHHHHHHHHHHHHHHHHHHHHHHHHHHHHHHHHHHHHHHHHHHHHHHHHHHHHHHHHHHHHHHHHHHHHHHHHHCHCHHHHHHHHHHHH0000000HH00000HHHHHHHHHHH000000000000000000000000000000000HHHHHHHHHHHHHHHHHHHHHHHHHHHHH
0000HHHHHHHHCHHCHCCCCCCHHHHHHHHHHHHHHHHCCCHHHHHHHHHHHHHHHHHHHHHHHHHHCCCCCCCCCCCCCCCCCCCCCCCCCHHHHHHHHHHHHHHHHHHHHHHHHHH000HHHHHHHHHHHHHHHHHHHHHHHHHHHHHHHHHHHHHHHHHHHHHHHHHHHHHHHHHHHHHHHHHHHHHHHHHHHCCCCCHHHHHHHHHHHHH0000HHHHH00HHHHHHHHHHHH000000000000000000000000000000000HHHHHHHHHHHHHHHHHHHHHHHHHHHHH
0000HHHHHHHHHHHCCCCCCCHHHHHHHHHHHHHHHHCCCCHHHHHHHHHHHHHHHHHHHHHHHHHHHHCCCCCCCCCCCCCCCCCCCCCCHHHHHHHHHHHHHHHHHHHHHHHHHHH000HHHHHHHHHHHHHHHHHHHHHHHHHHHHHHHHHHHHHHHHHHHHHHHHHHHHHHHHHHHHHHHHHHHHHHHHHHHCCCCCHHHHHHHHHHHHH00HHHHHHHHHHHHHHHHHH0000000000HHHHHHHH0000000000000000000HHHHHHHHHHHHHHHHHHHHHHHHHHHH
0000HHHHHHHHHCCCCCCCCCHHHHHHHHHHHHHHHHCCCCHHHHHHH0HHHHHHHHHHHHHHHHHHHHHCCCCCCCCCCCCCCCCCCCCHHHHHHHHHHHHHHHHHHHHHHHHHHHH0000HHHHHHHHHHHHHHHHHHHHHCCCHHHHHHHHHHHHHHHHHHHHHHHHHHHHHHHHHHHHHHHHHHHHHHHHHHCHHHHHHHHHHHHHHHHH0HHHHHHHHHHHHHHHHHHH000000000HHHHHHHHHH000000000000000000HHHHHHHHHHHHHHHHHHHHHHHHHHHH
0000HHHHHHHHCCCCCCCCCCHHHHHHHHHHHHHHHHHHCHHHHHHH00000H0H0HHHHHHHHHHHHHHCCCCCCCCCCCCCCCCCCHHHHHHHHHHHHHHHHHHHHHHHHHHHHH000000HHHHHHHHHHHHHCCCCCCCCCCCHHHHHHHHHHHHHHHHHHHHHHHHHHHHHHHHHHHHHHHHHHHHHHHHHHHHHHHHHHHHHHHHHHHHHHHHHHHHHHHHHHHHHHH00000000HHHHHHHHHHH000000000000000HHHHHHHHHHHHHHHHHHHHHHHHHHHHHHH
0000HHHHHHHHCCCCCCCCCCCHHHHHHHHHHHHHHHHHHHHHHHH00000000000HHHHHHHHHHHHHHCCCCCCCCCCCCCCCCCHHHHHHHHHHHHHHH00HHHH00HHHHHHH000000HHHHHHHHHHHCCCCCCCCCCCCHHHHHHHHHHHHHHHHHHHHHHHHHHHHHHHHHHHHHHHHHHHHHHHHHHHHHHHHHHHHHHHHHHHHHHHHHHHHHHHHHHHHHHH00000000HHHHHHHHHHH000000000000000HHHHHHHHHHHHHHHHHHHHHHHHHHHHHHH
0000HHHHHHHHCCCCCCCCCCCHHHHHHHHHHHHHHHHHHHHHHH0000000000000HHHHHHHHHHHHHCCCCCCCCCCCCCCCCCHHHHHHHHHHHHHHH000HH00HHHHHHHH00000HHHHHHHHHHHHCCCCCCCCCCCCHHHHHHHHHHHHHHHHHHHHHHHHHHHCHCCHHHCCHHHHHHHHHHHHHHHHHHHHHHHHHHHHHHHHHHHHHHHHHHHHHHHHHHH00000000HHHHHHHHHHHHH0HH000000000HHHHHHHHHHHHHHHHHHHHHHHHHHHHHHHH
0000HHHHHHHHCCCCCCCCCCCHHHHHHHHHHHHHHHHHHHHHHHH000000000000HHHHHHHHHHHHHCCCCCCCCCCCCCCCCHHHHHHHHHHHHHHH000HHH000HHHHHHHHHHHHHHHHHHHHHHHHHCCCCCCCCCCHHHHHHHHHHHHHHHHHHHHHHHHHCCCCCCCCCCCCCHHHHHHHHHHHHHHHHHHHHHHHHHHHHHHHHHHHHHHHHHHHHHHHHHH000000000HHHHHHHHHHHHHHHHH0000000HHHHHHHHHH000000HHHHHHHHHHHHHHHH
0000HHHHHHHHCCCCCCCCCCCCHHHHHHHHHHHHHHHHHHHHHHH000000000000HHHHHHHHHHHHHHCCCCCCCCCCCCCCCHHHHHHHHHHHHH000H0HHH000HHHHHHHHHHHHHHHHHHHHHHHHCCCCCCCCCCHHHHHHHHHHHHHHHHHHHHCHHHHCCCCCCCCCCCCCCCCCHHHHHHHHHHHHHHHHHHHHHHCCHHHHHHHHHHHHHHHHHHHHHHH000000000HHHHHHHHHHHHHHH00000000HHHHHHHHHH000000HHHHHHHHHHHHHHHHH
000HHHHHHHHHHHCCCCCCCCCCCHHHHHHHHHHHHHHHHHHHHHHH0000000000HH0HHHHHHHHHHHHCCCCCCCCCCCCCCCHHHHHHHHHHH0000HHHHHH000HH00HHHHHHHHHHHHHHHHHHHHCCCCCCCCCCHHHHHHHHHHHHHHHHHHHHHHHHHCCCCCCCCCCCCCCCCCHHHHHHHHHHHHHHHHHHCCCCCCCCHHHHHHHHHHHHHHHHHHHHH000000000HHHHHHHHHHHHHH00000000HHHHHHHHHHH000000HHHHHHHHHHHHHHHHH
000HHHHHHHHHHHHCCCCCCCCCCCHHHHHHHHHHHHHHHHHHHHHH00000000000000HHHHHHHHHHHHCCCCCCCCCCCCCCHHHHHHHHHH00000HHHHHH000HH00HHHHHHHHHHHHHHHHHHHHCCCCCCCCCCHHHHHHHHHHHHHHHHHHHHHHHHHCCCCCCCCCCCCCCCCCCHHHHHHHHHHHHHHHHHCCCCCCCCHHHHHHHHHHHHHHHHHHHHH000000000HHHHHHHHHHHHHH000000H0HHHHHHHHHHH000000HHHHHHHHHHHHHHHHH
000HHHHHHHHHHCCCCCCCCCCCCHHHHHHHHHHHHHHHHHHHHHHH000000000HHH00HHHHHHHHHHHCCCCCCCCCCCCCCCHHHHHHHHHH00000HHHHHHH0HHH00HHHHHHHHHHHHHHHHHHHHCCCCCCCCCCHHHHHHHHHHHHHHHHHHHHHHHHHCCCCCCCCCCCCCCCCCCHHHHHHHHHHHHHHHHCCCCCCCCHHHHHHHHHHHHHHHHHHHHHHH00000000HHHHHHHHHHHHHH00000H0HHHHHHHHHHHH000000HHHHHHHHHHHHHHHHH
0000HHHHHHHHHCCCCCCCCCCCHHHHHHHHHHHHHHHHHHHHHHHH000000000000HHHHHHHHHHHHHCCCCCCCCCCCCCCHHHHHHHHHHH00000HHHH00H0HHHHHHHHHHHHHHHHHHHHHHHHCCCCCCCCCCHHHHHHHHHHHHHHHHHHHHHHHHHHCCCCCCCCCCCCCCCCCHHHHHHHHHHHHHHHHHCCCCCHHHHHHHHHHHHHHHHHHHHHHHHHH000000000HHHHHHHHHHHH000000HHHHHHHHHHHHHHHH0000HHHHHHHHHHHHHHHHH
00000HHHHHHHHCCCCCCCCCCHHHHHHHHHHHHHHHHHHHHHHHH00000000HH000H00HHHHHHHHHHCCCCCCCCCCCCCCCHHHHHHHHH0000000HH000H0HHHHHHHHHHHHHHHHHHHHHHHCCCCCCCCCCCHHHHHHHHHHHHHHHHHHHHHHHHHHCCCCCCCCCCCCCCCHHHHHHHHHHHHHHHHHHHHCHHHHHHHHHHHHHHHHHHHHHHHHHHHHHH000000000HHHHHHHHHH000000HHHHHHHHHHHHHHHHHH000HHHHHHHHHHHHHHHHH
000000HHHHHHHCCCCCCHHCHHHHHHHHHHHHHHHHHHHHHHH0000000000HH000000HHHHHHHHHHCCCCCCCCCCCCCCHHHHHHHH000000000000HHH0HHHHHHHHHHHHHHHHHHHHHHHHCCCHHHHHHHHHHHHHHHHHHHHHHHHHHHHHHHCCCCCCCCCCCCCCCHHHHHHHHHHHHHHHHHHHHHHHHHHHHHHHHHHHHHHHHHHHHHHHHHHHHH000000000HHHHHHHH0000H00HHHH0HHHHHHHHHHHHHHHHHHHHHHHHHHHHHHHHHH
000000HHHHHHHHCCCCCHHHHHHHHHHHHHHHHHHHHHHHHHH000000000000000000HHHHHHHHHHCCCCCCCCCCCCHHHHHHHHHH000000000000HHH0HHHHHHHHHHHHHHHHHHHHHHHHHHHHHHHHHHHHHHHHHHHHHHHHHHHHHHHHHHHCCCCCCCCCCCCCHHHHHHHHHHHHHHHHHHHHHHHHHHHHHHHHHHHHHHHHHHHHHHHHHHHHHH0000000000HHHHHHH0000HHHHHHHHHHHHHHHHHHHHHHHHHHHHHHHHHHHHHHHHHH
000000HHHHHHHHCCCCCHHHHHHHHHHHHHHHHHHHHHHHHHHH000000000000000000HHHHHHHHCCCCCCCCCCCCCCHHHHHHHH0000000000000HH0HHHHHHHHHHHHHHHHHHHHHHHHHHHHHHHHHHHHHHHHHHHHHHHHHHHHHHHHHHHHCCCCCCCCCCCCHHHHHHHHHHHHHHHHHHHHHHHHHHHHHHHHHHHHHHHHHHHHHHHHHHHHHHH00000000000HHHHH0000HHHHHHHHHHHHHHHHHHHHHHHHHHHHHHHHHHHHHHHHHHH
000000HHHHHHHHCCCCCHHCCCCHCCCCCHHHHHHHHHHHHHHH000000000000000000HHHHHHCCCCCCCCCCCCCCCCCHHHHHHHH0000000000000000000HHHHHHHHHHHHHHHHHHHHHHHHHHHHHHHCCHHHHHHHHHHHHHHHHHHHHHHHHHHHCCHHHHHHHHHHHHHHHHHHHHHHHHHHHHHHHHHHHHHHHHHHHHHHHHHHHHHHHHHHHH000000000000HH0000000HHHHHHHHHHHHHHHHHHHHHHHHHHHHHHHHHHHCHHHHHHH
000000HHHHHHHHHCCCCCCCCCCCCCCCCCCHHHHHHHHHHHHHHH0000000000000000HHHHHCCCCCCCCCCCCCCCCCHHHHHHHH0000000000000000000000HHHHHHHHHHHHHHHHHHHHHHHHHHHHCCCCCHHCHHHHHHHHHHHHHHHHHHHHHHHHHHHHHHHHHHHHHHHHHHHHHHHHHHHHHHHHHH000HHHHHHHHHHHHHHHHHHHHHHH00000000000000000000HHHHHHHHHHHHHHHHHHHHHHHHHHHHHHHHCCCCCCHHHHHH
00000HHHHHHHHHCCCCCCCCCCCCCCCCCCCHHHHHHHHHHHHHHHH000000000000000HHHHHCCCCCCCCCCCCCCCCCHHHHHHH0000000000000000000000HHHHHHHHHHHHHHHHHHHHHHHHHHHHHCCCCCCCCCHHHHHHHHHHHHHHHHHHHHHHHHHHHHHHHHHHHHHHHHHHHHHHHHHHHHHHH000000HHHH0000HHHHHHHHHHHHHH00000000000000000000HHHHHHHHHHHHHHHHHHHHHHHHHHHHHCCCCCCCCHHHHHHH
00000HHHHHHHHHCCCCCCCCCCCCCCCCCCCHHHHHHHHHHHHHHHH000000000000000HHHHHCCCCCCCCCCCCCCCCCHHHHHHH0000000000000000000000HHHHHHHHHHHH0000HHHHHHHHHHHHHCCCCCCCCCHHHHHHHHHHHHHHHHHHHHHHHHHHHHHHHHHHHHHHHHHHHHHHHHHHHHHH000000HHHHH00000HHHHHHHHHHHHHHHH00000000000000000HHHHHHHHHHHHHHHHHHHHHHHHHHHHHCCCCCCCHHHHHHHH
00000HHHHHHHHHCCCCCCCCCCCCCCCCCCCCHHHHHHHHHHHHHHH000000000000000HHHHCCCCCCCCCCCCCCCCCCHHHHHHH00000000000000000000000HHHHHHHHHHH000HHHHHHHHHHHHHHHHCCCCHCHHHHHHHHHHHHHHHHHHHHHHHHHHHH0HHHHHHHHHH0HHHHHHHHHHHHHHH0000000HHH000000HHHHHHHHHHHHHHHH0000000000HH000HHHHHHHHHHHHHHHHHHHHHHHHHHHHHHCHCCCCCCHHHHHHHH
00000HHHHHCCHHHCCCCCCCCCCCCCCCCCCCCHHHHHHHHHHHHH0000000000000000HHHHHHHCCCCCCCCCCCCCCCHHHHHH0000000000000000000000000HHHHHHHHHHH0000HHHHHHHHHHHHHHHHHHHHHHHHHHHHHHHHHHHHHHHHHHHHHHHH0HHHHHHHHHHHHHHHHHHHHHHHHH00000000HHH00000HHHHHHHHHHHHHHHHHH0H0000000HHHHHHHHHHHHHHHHHHHHHHHHHHHHHHHHHHHHHHHCCCHHHHHHHHH
00000HHHHHCCHHHHCCCCCCCCCCCCCCCCCCCHHHHHHHHHHHHHH000000000000000HHHHHHHHCCCCCCCCCCCCCCHHHHHHH00000000000000000000000HHHHHHHHHHHHH0000HHHHHHHHHHHHHHHHHHHHHHHHHHHHHHHHHHHHHHHHHHHHHH000HHHHHHHHHHHHHHHHHHHHHHHH00000000HHHH0000HHHHHHHHHHHHHHHHHHHHHHHHHHHHHHHHHHHHHHHHHHHHHHHHHHHHHHHHHHHHHHHHHHHHHHHHHHHHHH
00000HHHHHHCHHHHCCCCCCCCCCCCCCCCCCCHHHHHCHHHHHHHHHHH000000000000HHHHHHHHHCCCCCCCCCCCCHHHHHHHHH00000000000000000000000HHHHHHHHHHHH00000000HHHHHHHHHHHHHHHHHHHHHHHHHHHHHHHHHHHHHHHHH00000HHHHHHHHH0HHHHHHHHHHHH0000000HHHHHHH0000HHHHHHHHHHHHHHHHHHHHHHHHHHHHHHHHHHHHHHHHHHHHHHHHHHHHHHHHHHHHHHHHHHHHHHHHHHHHH
000HH0HHHHCHHHCCCCCCCCCCCCCCCCCCHHCHHHHHHHHHHHHHHHHHHHHH00000000HHHHHHHHHHCCCCCCCCCCCHHHHHHHHH00000000000000000000000HHHHHHHHHHHHHH000000HHH0HHHHHHHHHHHHHHHHHHHHHHHHHHHHHHHHHHHHH00000HHHHHHHHH00HHHHHHHHH000000000HHHHHHH0000HHHHHHHHHHHHHHHHHHHHHHHHHHHHHHHHHHHHHHHHHHHHHHHHHHHHHHHHHHHHHHHHHHHHHHHHHHHHH
HHHHHHHHHHCCCCCCCCCCCCCCCCCCCCHHHHHHHHHHHHHHHHHHHHHHHHHHHH00HHHHHHHHHHHHHHHCCCCCCCCCCHHHHHHHHHH0000000000000000000000HHHHHHHHHHHHH00000000H000HHHHHHHHHHHHHHHHHHHHHHHHHHHHHHHHHH0000000HHHHHHHHHHHHHHHHHHH000000H00HHHHHHHH000HHHHHHHHHHHHHHHHHHHHHHHHHHHHHHHHHHHHHHHHHHHHHHHHHHHHHHHHHHHHHHHHHHHHHHHHHHHHHH
HHHHHHHHHHCCCCCCCCCCCCCCCCCCCCHHCCCHHHHHHHHHHHHHHHHHHHHHHHHHHHHHHHHHHHHHHHHCCCCCCCCCCHHHHHHHHHH000000000000000000000HHHHHHHHHHHHHH00000000H0000HHHHHHHHHHHHHHHHHHHHHHHHHHHHHHHHH0000000HHHHHHHHHHHHHH000000000HHHHHHHHHHHHH00HHHHHHHHHHHHHHHHHHHHHHHHHHHHHHHHHHHHHHHHHHHHHHHHHHHHHHHHHHHHHHHHHHHHHHHHHHHHHHH
HHHHHHHHHHCCCCCCCCCCCCCCCCCCHHHHCCCCHHHHHHHHHHHHHHHHHHHHHHHHHHHHHHHHHHHHHHHHCCCCCCCCCCCHHHHHHHHH0000000000000000000HHHHHHHHHHHHHHHHH000000000000HHHHHHHHHHHHHHHHHHHHHHHHHHHHHHHHH0000000HHHHHHHHHHHH0000000000HHHHHHHHHHHHH0HHHHHHHHHHHHHHHHHHHHHHHHHHHHHHHHHHHHHHHHHHHHHHHHHHHHHHHHHHHHCHHHHHHHHHHHHHHHHHHH
00HHHHHHHHCCCCCCCCCCHCCCCCCCHHHHCCCCHHHHHHHHHHHHHHHHHHHHHHHHHHHHHHHHHHHHHHHHCCCCCCCCCCCHHHHHHHHHH000000000000000000HHHH0HHHHHHHHHHHHH00000000000HHHHHHHHHHHHHHHHHHHHHHHHHHHHHHHHH0000000HHHHHHHHHHHH000000000HHHHHHHHHHHHHHH0HHHHHHH000HHHHHHHHHHHHHHHHHHHCCHHHHHHHHHHHHHHHHHHHHHHHHHHHHHHHHHHHHHHHHHHHHHHHH
00HHHHHHHHHCCCCCCCCHHCCCCCCCHHHHCCCCCCHHHHHHHHHHHHHHHHHHHHHHHHHHHHHHHHHHHHHHHCCCHCCCCCHHHHHHHHHHHH0000000000000000HHHH0000HHHHHHHHHHHH0000000000HHHHHHHHHHHHHHHHHHHHHHHHHHHHHHHHH00000000HHHHHHHHHHH00000000HHHHHHHHHHHHHHH0HHHHHHHH000HHHHHHHHHHHHHHHHCCCHCCHHHHHHHHHHHHHHHHHHHHHHHHHHHHHHHHHHHHHHHHHHHHHHH
00HHHHHHHHHCCCCCCCCCCHCCCCCCHHCHHCCCCHHHHHHHHHHHHHHHHHHHHHHHHHHHHHHHHHHHHHHHCCCCCCCCCCCHHHHHHHHHH0000000000000000HHHHHHH00HHHHHHHHHHHH000000000HHHHHHHHHHHHHHHHHHHHHHHHHHHHHHHHHHH00000HHHHHHHHHHHH000000000HHHHHHHHHHHHHHH00HHHHHHH000HHHHHHHHHHHHHHHHHHCCCCCHHHHHHHHHHHHHHHHHHHHHHHHHHHHHHHHHHHHHHHHHHHHHH
00HHHHHHHHHCCCCCCCCCCCHHCCCCCCCCHHCCHHHHHHHHHHHHHHHHHHHHHHHHHHHHHHHHHHHHHHCCCCCCHCCCCCCHHHHHHHHHH000000000000000HHHHHHHHHHHHHHHHHHHHH00000000000HHHHHHHHHHHHHHHHHHHHHHHHHHHHHHHHH0000000HHHHHHHHHHH0000000000HHHHHHHHHHHHHHH0HHHHHHHHHHHHHHHHHHHHHHHHHHHHCCCCCHHHHHHHHHHHHHHHHHHHHHHHHHHHHHHHHHHHHHHHHHHHHHH
00HHHHHHHHHHCCCCCCCCCCHHCCCCCCCCHHHHHHHHHHHHHHHHHHHHHHHHHHHHHHHHHHHHHHHHHHHCCCCCCCCCCCHHHHHHHHHHH00000000000000HHHHHHHHHHHHHHHHHHHHHH0000H00H00HHHHHHHHHHHHHHHHHHHHHHHHHHHHHHHHH000000HHHHHHHHHHHHH0000000000HHHHHHHHHHHHHHHHHHHHHHHHHHHHHHHHHHHHHHHHHHHHCCCCCHHHHHHHHHHHHHHHHHHHHHHHHHHHHHHHHHHHHHHHHHHHHHH
000000HHHHHHCCCCCCCCHHHCCCCCCCCHHHHHHHHHHHHHHHHHHHHHHHHHHHHHHHHHHHHHHHHHHHHCCCCCCCCCCHHHHHHHHHHH0000000000000HHHHHHHHHHHHHHHHHHHHHHHHHH0HHH000HHHHHHHHHHHHHHHHHHHHHHHHHHHHHHHHHH000000HHHHHHHHHHHH000000000000HHHHHHHHH0HHHHHHHHHHHHHHHHHHHHHHHHHHHHHHHHHCCCCCCCHHHHHHHHHHHHHHHHHHHHHHHHHHHHHHHHHHHHHHHHHHHH
000000HHHHHHHCCCCCCCHHHHHHCCCCHHHHHHHHHHHHHHHHHHHHHHHHHHHHHHHHHHHHHHHHHHHHCCCCCCCCCCCHHHHHHHHHH00000000000000HHHHHHHHHHHHHHHH0HHHHHHHHHHHHHH00HHHHHHHHHHHHHHHHHHHHHHHHHHHHHHHHHH000000HHHHHHHHHHHH00000000HH000HHHHHH0000HHHHHHHHHHHHHHHHHHHHHHHHHHHHHHHHCCCCCHHHHHHHHHHHHHHHHHHHHHHHHHHHHHHHHHHHHHHHHHHHHHH
00000000HHHHHHCCCCCCHHCCCCCCCCCHHHHHHHHHHHHHHHHHHHHHHHHHHHHHHHHHHHHHHHHHHHCCCCCCCCCCCHHHHHHHHH000000000000000HHHHHHH00HHHHHHH0HHHHHHHHHHHHHH0HHHHHHHHHHHHHHHHHHHCHHHHHHHHHHHHHHHH00H00HH00H0HHHHH0000000000H000HHHHHHHHHHHHHHHHHHHHHHHHHHHHHHHHHHHHHHHHHHCCCCCHCHHHHHHHHHHHHHHHHHHHHHHHHHHHHHHHHHHHHHHHHHHHH
00000000HHHHHHHHCCCCCCHHCCCCCCCCCHHHHHHHHHHHHHHHHHHHHHHHHHHHHHHHHHHHHHHHCCCCCCCCCCCCCHHHHHHHH0000000000000000HHHHH000000HHHHHHHHHHHHHHHHHHHHHHHHHHHHHHHHHHHHHHCCHCHHHHHHHHHHHHHHHHHHHHH00000000000000000000H0HHHHHHHHHHHHHHHHHHHHHHHHHHHHHHHHHHHHHHHHHHHHCCCCHHCHHHHHHHHHHHHHHHHHHHHHHHHHHHHHHHHHHHHHHHHHH0H
0000000000HHHHHHCCCCHHHHCCCCCCCCCHHHHHHHHHHHHHHHHHHHHHHHHHHHHHHHHHHHHHHHCCCCCCCCCCCCCHHHHH0000000000000000000HHHHH000000000HHHHHHHHHHHHHHHHHHHHHHHHHHHHHHHCCCCCCCCCHHHHHHHH0HHHHHHHHHHH00000000000000000H000HHHHH000HHHHHHHHHHHHHHHHHHHHHHHHHHHHHHHHHHHHHHHHHHHHHHHHHHHHHHHHHHHHHHHHHHHHHHHHHHHHHHHHHHHHHHHH
00000000000HHHHHHCHHHHCCHCCCCCHHCHHHHHHHHHHHHHHHHHHHHHHHHHHHHHHHHHHHHHHHCCCCCCCCCCCCCHHHHH0000000000000000000HHHHH000000000HHHHHHHHHHHHHHHHHHHHHHHHHHHHHHCCCCCCCCCCHHHHHH000HHHHHHHHHHHH0000000000000000000000000000HHHHHHHHHHHHHHHHHHHHHHHHHHHHHHHHHHHHHHHHHHHHHHHHHHHHHHHHHHHHHHHHHHHHHHHHHHHHHHHHHHHHHHHH
00000000000HHHHHHHHHHHHHHHHHHHHHHHHHHHHHHHHHHHHHHHHHHHHHHHHHHHHHHHHHHHHHCCCCCCCCCCCCCHHHHH0000000000000000000HHHH0000000000HHHHHHHHHHHHHHHHHHHHHHHHHHHHHCCCCCCCCCCCHHHHHH000HHH00HHHHHHH00000000000000000000000000000HHHHHHHHHHHHHHHHHHHHHHHHHHHHHHHHHHHHHHHHHHHHHHHHHHHHHHHHHHHHHHHHH0HHHHHHHHHHHHHHHHHHHHH
H0000000000HHHHHHHHHHHHHHHHHHHHHHHHHHHHHHHHHHHHHHHHHHHHHHHHHHHHHHHHHHHHCCCCCCCCCCCCCCHHHHH0000000000000000000HHHHH0000000000HHHHHHHHHHHHHHHHHHHHHHHHHHHHCCCCCCCCCCCCCHHHHH00HHH0HHHHHHH00000000000000000000000000000HHHHHHHHHHHHHHHHHHHHHHHHHHHHHHHHHHHHHHHHHHHHHHHHHHHHHHHHHHHHHHHHHH00H0HHHHHHHHHHHHHHHHHH
0000000000HHHHHHHHHHHHHHHHHHHHHHHHHHHHHHHHHHHHHHHHHHHHHHHHHHHHHHHHHHHHCCCCCCCCCCCCCCCHHHHH0000000000000000000000H000000000000HHHHHHHHHHHHHHHHHHHHHHHHHCHCCCCCCCCCCCCCHHHHHHHHHHHHHHHHHH00000000000000000000000000000HHHHHHHHHHHHHHHHHHHHHHHHHHHHHHHHHHHHHHHHHHHHHHHHHHHHHHHHHHHHHHHHHHH0HHHHHHHHHHHHHHHHHHHH
0000000000HHHHHHHHHHHHHHHHHHHHHHHHHHHHHHHHHHHHHHHHHHHHHHHHHHHHHHHHHHHHCHCCCCCCCCCCCCHHHHHHH00000000000000000000000000000000000HHHHHHHHHHHHHHHHHHHCCHHCCCCCCCCCCCCCCCCHHHHHHHHHHHHHHHHHH00000000000000000000000000000HHHHHHHHHHHHHHHHHHHHHHHHHHHHHHHHHHHHHHHHHHHHHHHHHHHHHHHHHHHHHHHHHHHH0HHHHHHHHHHHHHHHHHHH
000000HHHHHHHHHHHHHHHHHHHHHHHHHHHHHHHHHHHHHHHHHHHHHHHHHHHCCCCCCCHHCCHHHHHHCCCCCCCCHHHHHHHHHH0000000000000000000000000000000000HHHHHHHHHHCCCCCCCCCCCCCCCCCCCCCCCCCCCCCCCHHHHHHHH000HHHH000000000000000000000000000000HHHHHHHHHHHHHHHHHHHHHHHHHHHCCCHHHHHHHHHHHHHHHHHHHHHHHHHHHHHHHHHHHHH000HHHHHHHHHHHHHHHHHH
000000HHHHHHHHHHHHHHHHHHHHHHHHHHHHHHHHHHHHHHHHHHHHHHHHHHCCCCCCCCCCCCHHHHHHCCCCCCCHHHHHHHHHHHHH00000000000000000000000000000000HHHHHHHHHCCCCCCCCCCCCCCCCCCCCCCCCCCCCCCCHHHHHHHH00000HHH000000000000000000000000000000HHHHHHHHHHHH00HHHHHHHHHHHHCCCCCHHHHHHHHHHHHHHHHHHHHHHHHHHHHHHHHHHHH000HHHHHHHHCHCCCCCHHH
000000HHHHHHHHHHHHHHHHHHHHHHHHHHHHHHHHHHHHHHHHHHHHHHHHHHCCCCCCCCCCCCHHHHHHHCCCCCCHHHHHHHHHHHHH00000000000000000000000000000000HHHHHHHHCCCCCCCCCCCCCCCCCCCCCCCCCCCCCCCCCHHHHHHH00000HH0000000000000000000000000000000HHHHH000H000000HHHHHHHHHHHCCCCCCHHHHHHHHHHHHHHH000HHHHHHHHHHHHHHHHH000HHHHHHHHCCCCCCCCCC
0000000HHHHHHHHHHHHHHHHHHHHHHHHHHHHHHHHHHHHHHHHHHHHHHHHCCCCCCCCCCCCHHHHHHHHHCCCCHHHHHHHHHHHHHHHH000000000000000000000000000000HHHHHHHCCCCCCCCCCCCCCCCCCCCCCCCCCCCCCCCCHHHHHHHH00000000H000000000000000000000000000HHHHHH00000000000HHHHHHHHHHHCCCCCCHHHHHHHHHHHHHH0000HHHHHHHHHHHHHHHHHH00HHHHHHCCCCCCCCCCCC
0000000HHHHHHHHHHHHHHHHHHHHHHHHHHHHHHHHHHHHHHHHHHHHHHHHCCCCCCCCCCCCHHHHHHHHHHHCCCCHHHHHHHHHHHHHH000000000000000000000000000000HHHHHHHCCCCCCCCCCCCCCCCCCCCCCCCCCCCCCCCCHHHHHHHH00000000000000000000000000000000000HHHHH0000000000000HHHHHHHHHHHCCCCCCCHHHHHHHHHH00000000000HHHHHHHHHHHHHH00HHHHHHCCCCCCCCCCCC
00000000HHHHHHHHHHHCCCCHHHHHHHHHHHHHHHHHHHHHHHHHHHHHHHCCCCCCCCCCCCCHHHHHHHHHHHHCCCCHHHHHHHHHHHHHH00000000000000000000000000000HHHHHCCCCCCCCCCCCCCCCCCCCCCCCCCCCCCCCCCCCHHHHHHH0000000000000000000000000000000000HHHHHH0000000000000HHHHHHHHHHHCCCCCCCCHHHHHHH0000000000000HHHHHHHHHHHHHHHHHHHHHHCCCCCCCCCCCC
000000000HHHHHHHHHHCCCCHHHHHHHHHHHHHHHHHHHHHHHHHHHHHHCCCCCCCCCCCCCHHHHHHHHHHHHCCCCCCHHHHHHHHHHHH000000000000000000000000000000HHHHHCCCCCCCCCCCCCCCCCCCCCCCCCCCCCCCCCCCCHHHHHHH0000000000000000000000000000000000HHHHHH00000000000000HHHHHHHHHHCCCCCCCCHHHHHHH00000000000000HHHHHHHHHHHHHHHHHHHHHCCCCCCCCCCCC
00000000HHHHHHHHHHHCCCHHHHHHHHHHHHHHHHHHHHHHHHHHHHHHHCCCCCCCCCCCCCCHHHHHHHHHHHHCCCCHHHHHHHHHHHHH000000000000000000000000000000HHHHHCCCCCCCCCCCCCCCCCCCCCCCCCCCCCCCCCCCCHHHHHH00000000000000000000000000000000000HHHHHH0000000000000HHHHHHHHHHHCCCCCCCCHHHHHHHH000000000000HHHHHHHHHHHHHHHHHHHHHHCCCCCCCCCCCC
0000000HHHHHHHHHHHCCCCHHHHHHHHHHHHHHHHHHHHHHHHHHHHHHHHCCCCCCCCCCCCCCHHHHHHHHHHCCCCCCHHHHHHHHHH00000000000000000000000000000000HHHHHCCCCCCCCCCCCCCCCCCCCCCCCCCCCCCCCCCCHHHHHHH00000000000000000000000000000000000HHHHHH000000000000HHHHHHHHHHHHCCCCCCHHHHHHHHHH000000000000HHHHHHHHHHHHHHHHHHHHHHCCCCCCCCCCCC
0000000HHHHHHHHHHHCCCCHHHHHHHHHHHHHHHHHHHHHHHHHHHHHHHHHCCCCCCCCCCCCCCHHHHHHHHHHCCCCCHHHHHHHHHH0000000000000000000000000000000HHHHHHCCCCCCCCCCCCCCCCCCCCCCCCCCCCCCCCCCCHHHHHHH000000000000000000000000000000000H00000H00000000000000HHHHHHHHHHHCCCCCCHHHHHHHHHH0000000000000HHHHHHHHHHHHHHHHHHHHHHCCCCCCCCCCC
0000000HHHHHHHHHHHCCCCCHHHHHHHHHHHHHHHHHHHHHHHHHHHHHHHHCCCCCCCCCCCCCCHHHHHHHHHCCCCCCHHHHHHHHHH000000000000000000HH0000000000HHHHHHHHCCCCCCCCCCCCCCCCCCCCCCCCCCCCCCCCCHHHHHHHHH0000000000000000000000000000000HH0000000000000000000000HHHHHHHHHHCCCCCHHHHHHHHHH0000000000000000HHHHHHHHHHHHHHHHHHHHCCCCCCCCCC
0000000HHHHHHHHHHHCCCCCHHHHHHHHHHHHHHHHHHHHHHHHHHHHHHHHCCCCCCCCCCCCCCHHHHHHHHHCCCCCCCHHHHHHHHH0000000000000000HHHHH00000000HHHHHHHHHHCCCCCCHCHCCCCCCCCCCCCCCCCCCCCCCCHHHHHHHHH0000H00000000000H0000000000H00HHH000H000000000000000000HHHHHHHHHHCCCHHHHHHHHHHHHH000000000000000000000000HHHHHHHHHHHHCCCCCCCCC
H00000HHHHHHHHHHHHHCCCCHHHHHHHHHHHHHHHHHHHHHHHHHHHHHHHHHHCCCCCCCCCHCCHHHHHHHHHCCCCCHHHHHHHHHHH000000000000000HHHHHHHH000000HHHHHHHHHHHCCCCHHHHHCCCCCCCCCCCCCCCCCCCCCCCHHHHHHHHHHHHHH0HHH000HHH00000000HHHHHHHHHH00H000000000000000000HHHHHHHHHCCCCHHHHHHHHHHHHH0000000000000000000000000HHHHHHHHHHHHHHHHHCCC
HH00HHHHHHHHHHHHHHCCCCCHHHHHHHHHHHHHHHHHHHHHHHHHHHHHHHHHHCCHHHHHHHHHHHHHHHHHHHCCCCHHHHHHHHHHHHH0000000000000HHHHHHHHHHHHHHHHHHHHHHHHHCHCHHHHHHHHCCCCCCCCCCCCCCCCCCCCCCHHHHHHHHHHHHHHHHHHHHHHH000000HHHHHHHHHHHHHHHHH0000000000000000000HHHHHHHCCCCHHHHHHHHHHHHHH000000000000000000000000000HHHHHHHHHHHHHHHHH
HHHHHHHHHHHHHHHHHHCCCCCHHHHHHHHHHHHHHHHHHHHHHHHHHHHHHHHHHHHHHHHHHHHHHHHHHHHHHHCCCCHHHHHHHHHHHHH0000000HHHHHHHHHHHHHHHHHHHHHHHHHHHHHHHHHHHHHHHHHHHCCHHHCCCCCCCCCCCCCCCCCHHHHHHHHHHHHHHHHHHHHHHH00HHHHHHHHHHHHHHHHHHHHH0000000000000000000HHHHHHCCCCCCCHHHHHHHHHHHH000000000000000000000000000HHHHHHHHHHHHHHHH
HHHHHHHHHHHHHHHHHHCCCCHHHHHHHHHHHHHHHHHHHHHHHHHHHHHHHHHHHHHHHHHHHHHHHHHHHHHHHHHHCHHHHHHHHHHHHHH000HHHHHHHHHHHHHHHHHHHHHHHHHHHHHHHHHHHHHHHHHHHHHHHHHHHHHHCCCCCCCCCCCCCCCHHHHHHHHHHHHHHHHHHHHHHHHHHHHHHHHHHHHHHHHHHHHHHH000000000000000000HHHHHHHCCCCCCHHHHHHHHHHHHH00000000000000000000000000HHHHHHHHHHHHHHHH
HHHHHHHHHHHHHHHHHCCCCCHHHHHHHHHHHHHHHHHHHHHHHHHHHHHHHHHHHHHHHHHHHHHHHHHHHHHHHHHHCHHHHHHHHHHHHHHHHHHHHHHHHHHHHHHHHHHHHHHHHHHHHHHHHHHHHHHHHHHHHHHHHHHHHHHHHHCCCCCCCCCCCCHHHHHHHHHHHHHHHHHHHHHHHHHHHHHHHHHHHHHHHHHHHHHHHHH00000000000000000HHHHHHHCCCCCHCHHHHHHHHHHHHHHHH0000000000000HHH000000HHHHHHHHHHHHHHHH
HHHHHHHHHHHHHHHHHCCCCCHHHHHHHHHHHHHHHHHHHHHHHHHHHHHHHHHHHHHHHHHHHHHHHHHHHHHHHHHHHHHHHHHHHHHHHHHHHHHHHHHHHHHHHHHHHHHHHHHHHHHHHHHHHHHHHHHHHHHHHHHHHHHHHHHHHHCCCCCCCCCCCCHHHHHHHHHHHHHHHHHHHHHHHHHHHHHHHHHHHHHHHHHHHHHHHHH00000000000000000HHHHHHHHCCCCCHHHHHHHHHHHHHHHH00000000000000H00000000HHHHHHHHHHHHHHHH
HHHHHHHHHHHHHHHHHCCCCCHHHHHHHHHHH0HHHHHHHH00HHHHHHHHHHHHHHHHHHHHHHHHHHHHHHHHHHHHHHHHHHHHHHHHHHHHHHHHHHHHHHHHHHHHHHHHHHHHHHHHHHHHHHHHHHHHHHHHHHHHHHHHHHHHHCCCCCCCCCCCCCHHHHHHHHHHHHHHHHHHHHHHHHHHHHHHHHHHHHHHHHHHHHHHHHH0000000000000000HHHHHHHHHHHHCCCCHHHHHHHHHHHH0000000000000000H000000000HHHHHHHHHHHHHHH
HHHHHHHHHHHHHHHHHCCCCCCHHHHHHHHHH0HHHHH0HH000HHHHHHHHHHHHHHHHHHHHHHHHHHHHHHHHHHHHHHHHHHHHHHHHHHHHHHHHHHHHHHHHHHHHHHHHHHHHHHHHHHHHHHHHHHHHHHHHHHHHHHHHHHHHHCCCCCCCCCCCHHHHHHHHHHHHHHHHHHHHHHHHHHHHHHHHHHHHHHHHHHHHHHHHH000000000000000HHHHHHHHHHHHHHHCCCHHHHHHHHHHHH00000000000000000H000000000HHHHHHHHHHHHHH
HHHHHHHHHHHHHHHCCCCCCCCCCHHHHHHHHH0HH000H0000HHHHHHHHHHHHHHHHHHHHHHHHHHHHHHHHHHHHHHHHHHHHHHHHHHHHHHHHHHHCCCCCCCCCCCCCHHCCCCHHHHHHHHHHHHHHHHHHHHHHHHHHHHHHHHCHCCCCCCHHHHHHHHHHHHHHHHHHHHHHHHHHHHHHHHHHHHHHHHHHHHHHHHHHH00000000000000HHHHHHHHHHHHHHHHHHCHHHHHHHHHHHHH000000000000000H0000000000HHHHHHHHHHHHHH
HHHHHHHHHHHHHHCCCCCCCCCCHHHHHHHHHHH00000000000HHH0000000HHHHHHHHHHHHHHHHHHHHHHHHHHHHHHHHHHHHHHHHCCCHHHCCCCCCCCCCCCCCCCCCCCCCHHHHHHHHHHHHHHHHHHHHHHHHHHHHHHHHHHHCCCHHHHHHHHHHHHCHHHHHHHHHHHHHHHHHHHHHHHHHHHHHHHHHHHHHHH000000000000H0HHHHHHHHHHHHHHHHHHHHHHHHHHHHHHHHHH0000000000000HHH000000000HHHHHHHHHHHHH
HHHHHHHHHCHCCCCCCCCCCCCCCHHHHHHHHHHH0000000000000000000HHHHHHHHHHHHHHHHHHHHHHHHHHHHHHHHHHHHHHHHCCCCCHHCCCCCCCCCCCCCCCCCCCCCCCHHHHHHHHHHHHHHHHHHHHHHHHHHHHHHHHHHHHHHHHHHHHHHHHHHHHHHHHHHHHHHHHHHHHHHHHHHHHHHHHHHHHHHHHH0000000000HHHHHHHHHHHHHHHHHHHHHHHHHHHHHHHHHHHHHHHH00000000000HH0000000000HHHHHHHHHHHHH
HHHHHHHHHCCCCCCCCCCCCCCCCCHHHHHHHHH00000000000000000HHHHH00HHHHHHHHHHHHHHHHHHHHHHHHHHHHHHHHHHHHCCCCCCCCCCCCCCCCCCCCCCCCCCCCCCHHHHHHHHHHHHHHHHHHHHHHHHHHHHHHHHHHHHHHHHHHHHHHHHHHHHHHHHHHHHHCCCHHHHHHHHHHHHHHHHHHHHHHHHHH000000000HHHHHHHHHHHHHHHHHHHHHHHHHHHHHHHHHHHHHHHHH0000000000HH00000000000HHHHHHHHHHHH
HHHHHHHHHCCCCCCCCCCCCCCCCCHHHHHHHHH00000000000000000HHH0000HHHHHHHHHHHHHHHHHHHHHHHHHHHHHHHHHHHHCCCCCCCCCCCCCCCCCCCCCCCCCCCCCCCHHHHHHHHHHHHHHHHHHHHHHHHHHHHHHHHHHHHHHHHHHHHHHHHHHHHHHHHHHHCCCCCCCHHHHHHHHHHHHHHHHHHHHHHHH000000HHHHHHHHHHHHHHHHHHHHHHHHHHHHHHHHHHHHHHHHHHHHH00000000HH000000000000HHHHHH00000
HHHHHHHHHHCCCCCCCCCCCCCCCHHHHHHHHHH0000000000000000HHH00000HHHHHHHHHHHHHHHHHHHHHHHHHHHHHHHHHHHHCCCCCCCCCCCCCCCCCCCCCCCCCCCCCCCHHHHHHHHHHHHHHHHHHHHHHHHHHHHHHHHHHHHHHHHHHHHHHHHHHHHHHHHHHHCCCCCCCCHCHHHHHHHHHHHHHHHHHHHHHHHHH00HHHHHHHHHHHHHHHHHHHHHHHHHHHHHHHHHHHHHHHHHHHHHH000000HHH0000000000HH0HHH0000000
HHHHHHHHHCCCCCCCCCCCCCCCCHHHHHHHHHH0000000000000000000000000HHHHHHHHHHHHHHHHHHHHHHHHHHHHHHHHHHHCCCCCCCCCCCCCCCCCCCCCCCCCCCCCCCHHHHHHHHHHHHHHHHHHHHHHHHHHHHHHHHHHHHHHHHHHHHHHHHHHHHHHHHHHHCCCCCCCHCHCHHHHHHHHHHHHHHHHHHHHHHHH0HHHHHHHHHHHHHHHHH000HHHHHHHHHHHHHHHHHHHHHHHHHHHH0000HH00H00000HH00H0H0000000000
HHHHHHHHHCCCCCCCCCCCCCCCHHHHHHHHHHH000000000000000H0000H000HHHHHHHHHHHHHHHHHHHHHHHHHHHHHHHHHHHHHCCCCCCCCCCCCCCCCCCCCCCCCCCCCCCHHHHHHHHHHHHHHHHHHHHHHHHHHHHHHHHHHHHHHHHHHHHHHHHHHHHHHHHHHCCCCCCCCCCHHHHHHHHHHHHHHHHHHHHHHHHHHHHHHHHHHHHHHHHHHHHH00HHHHHHHHHHHHHHHHHHHHHHHHHHH000000HHH000000000HHHH0000000000
HHHHHHHHHCCCCCCCCCCCCCCCHHHHHHHHHHH00000000000000HHH00H000HHHHHHHHHHHHHHHHHHHHHHHHHHHHHHHHHHHHHHCCCCCCCCCCCCCCCCCCCCCCCCCCCCCCHHHHHHHHHHHHHHHHHHHHHHHHHHHHHHHHHHHHHHHHHHHHHHCHHHHHHHHHHHHHCCCCCCCCHHHHHHHHHHHHHHHHHHHHHHHHHHHHHHHHHHHHHHHHHHHHHHHHHHHHHHHHHHHHHHHHHHHHHHHHHH000000HHH00000000HHHHHHH00000000
HHHHHHHHHHCCCCCCCCCHCHHHHHHHHHHHHHHH00000000000000HHHHHHHHHHHHHHHHHHHHHHHHHHHHHHHHHHHHHHHHHHHHHHCCCCCCCCCCCCCCCCCCCCCCCCCCCCCCHHHHHHHHHHHHHHHHHHHHHHHHHHHHHHHHHHHHHHHHHHHHHHCCHHHHHHHHHHHHCCCCCCCHHHHHHHHHHHHHHHHHHHHHHHHHHHHHHHHHHHHHHHHHHHHHHHHHHHHHHHHHHHHHHHHHHHHHHHHHH0000000HHH000000000HHHHHHHHH00000
HHHHHHHHHHHHHCCCCHHHHHHHHHHHHHHHHHHHH0000000000000HHHHHHHHHHHHHHHHHHHHHHHHHHHHHHHHHHHHHHHHHHHHHHHCCCCHCCCCCCCCCCCCCCCCCCCCCCCCHHHHHHHHHHHHHHHHHHHHHHHHHHHHHHHHHHHHHHHHHHHHHHHCHHHHHHHHHHHHHCCCCCCHHHHHHHHHHHHHHHHHHHHHHHHHHHHHHHHHHHHHHHHHHHHHHHHHHHHHHHHHHHHHHHHHHHHHHHH0000000000HH0000000000HHHHHHHHH0000
HHHHHHHHHHHHHHHHHHHHHHHHHHHHHHHHHHHHHH000000000000HHHHHHHHHHHHHHHHHHHHHHHHHHHHHHHHHHHHHHHHHHHHHHHHHHHHHHHCCCCCCCCCCCCCCCCCCCCCHHHHHHHHHHHHHHHHHHHHHHHHHHHHHHHHHHHHHHHHHHHHHHHHCHHHHHHHHHHHHCCCCCCHHHHHHHHHHHHHHHHHHHHHHHHHHHHHHHHHHHHHHHHHHHHHHHHHHHHHHHHHHHHHHHHHHHHHHHH000000000000000H00000HHHHHHHH0H0000
HHHHHHHHHHHHHHHHHHHHHHHHHHHHHHHHHHHHHH000000000000HHHHHHHHHHHHHHHHHHHHHHHHHHHHHHHHHHHHHHHHHHHHHHHHHHHHHHHHHHHCHHCCCCCCCCCCCCCCHHHHHHHHHHHHHHHHHHHHHHHHHHHHHHHHHHHHHHHHHHHHHHHHHHCHHHHHHHHHHHCCCCHHHHHHHHHHHHHHHHHHHHHHHHHHHHHHHHHHHHHHHHHHHHHHHHHHHHHHHHHHHHHHHHHHHHHHHHHH00000000000000000000HHHHHHHHH00000
HHHHHHHHHHHHHHHHHHHHHHHHHHHHHHHHHHHHHH0000000000000HHHHHHHHHHHHHHHHHHHHHHHHHHHHHHHHHHHHHHHHHHHHHHHHHHHHHHHHHHHHHHHCCCCCCCCCHHHHHHHHHHHHHHHHHHHHHHHHHHHHHHHHHHHHHHHHHHHHHHHHHHHHHHHHHHHHHHHHHHCHHHHHHHHHHHHHHHHHHHHHHHHHHHHHHHHHHHHHHHHHHHHHHHHHHHHHHHHHHHHHHHHHHHHHHHHHHHHH00000000000000000000HHHHHHHHH0000
HHHHHHHHHHHHHHHHHHHHHHHHHHHHHHHHHHHHHH00000000000000HHHHHHHHHHHHHHHHHHHHHHHHHHHHHHHHHHHHHHHHHHHHHHHHHHHHHHHHHHHHHHHHHCCCCCHHHHHHHHHHHHHHHHHHHHHHHHHHHHHHHHHHHHHHHHHHHHHHHHHHHHHHHHHHHHHHHHHHHHHHHHHHHHHHHHHHHHHHHHHHHHHHHHHHHHHHHHHHHHHHHHHHHHHHHHHHHHHHHHHHHHHHHHHHHHHHHHHH0000000000000000000HH000HHHH0000
HHHHHHHHH00HHHHHHHHHHHHHHHHHHHHHHHHHHH0000000000000HHHHHHHHHHHHHHHHHHHHHHHHHHHHHHHHHHHHHHHHHHHHHHHHHHHHHHHHHHHHHHHHHHHHCCCHHHHHHHHHHHHHHHHHHHHHHHHHHHHHHHHHHHHHHCCHHHHHHHHHHHHHHHHHHHHHHHCHHHHHHHHHHHHHHHHHHHHHHHHHHHHHHHHHCCCCHHHHHHHHHHHHHHHHHHHHHHHHHHHHHHHHHHHHHHHHHHHHHH00000000000000000000000HHH0000H
HHHHHHHH0000HH0HHHHHHHHHHHHHHHHHHHHHHH0000000000000HHHHHHHHHHHHHHHHHHHHHHHHHHHHHHHHHHHHHHHHHHHHHHHHHHHHHHHHHHHHHHHHHHHHCCHHHHHHHHHHHHHHHHHHHHHHHHHHHHCCCHHHHHCCCCCCCHHHHHHHHHHHHHHHHHHHHHHHHHHHHHHHHHHHHHHHHHHHHHHHHHHHHHHHCCCCCHHHHHHHHHHHHHHHHHHHHHHHHHHHHHHHHHHHHHHHHHHHHH000000000000000000000000HH00000
HHHHHHH000000H0HHHHHHHHHHHHHHHHHHHHHHH0000000000000HHHHHHHHHHHHHHHHHHHHHHHHHHHHHHHHHHHHHHHHHHHHHHHHHHHHHHHHHHHHHHHHHHHHHHHHHHHHHHHHHHHHHHHHHHHHHHHHHHCCCCHHHHCCCCCCCCCCCHHHHHHHHHHHHHHHHHHHHHHHHHHHHHHHHHHHHHHHHHHHHHHHHHHHCCCCCCHHHHHHHHHHHHHHHHHHHHHHHHHHHHHHHHHHHHHHHHHHHHH00000000000000000000000H000000
HHHHHHH0000000000HHHHHHHHHHHHHHHHHHHHHH0000000HHHHHHHHHHHHHHHHHHHHHHHHHHHHHHHHH0HHHHHHHHHHHHHHHHHHHHHHHHHHHHHHHHHHHHHHHHHHHHHHHHHHHHHHHHHHHHHHHHHHHCCCCCCCCCCCCCCCCCCCCCHHHHHHHHHHHHHHHHHHHHHHHHHHHHHHHHHHHHHHHHHHHHHHHHHHHCCCCCCHHHHHHHHHHHHHHHHHHHHHHHHHHHHHHHHHHHHHHHHHHHH0000000000000000000000000000000
HHHHHH000000000000HHHHHHHHHHHHHHHHHHHHHH00000HHHHHHHHHHHHHHHHHHHHHHHHHHHHHHHHH00HHHHHHHHH00HHHHHHHHHHHHHHHHHHHHHHHHHHHHHHHHHHHHHHHHHHHHHHHHHHHHHHHCCCCCCCCCCCCCCCCCCCCCCHHHHHHHHHHHHHHHHHHHHHHHHHHHHHHHHHHHHHHHHHHHHHHHHHHCCCCCCCCHHHHHHHHHHHHHHHHHHHHHHHHHHHHHHHHHHHHHHHHHHH00000000000000000H0000000000000
HHHHHH0000000000000000000HHHHHHHHHHHHHHHHHHH00HHHHHHHHHHHHHHHHHHHHHHHHHHHHHH00000000HHH000000HHHHHHHHHHHHHHHHHHHHHHHHHHHHHHHHHHHHHHHHHHHHHHHHHHHCCCCCCCCCCCCCCCCCCCCCCCCCHHHHHHHHHHHHHHHHHHHHHHHHHHHHHHHHHHHHHHHHHHHHHHHHHCCCCCCCCHHHHHHHHHHHHHHHHHHHHHHHHHHHHHHHHHHHHHHHHHHH0000000000000000H00000H00000000
HHHHH000000000000000000000HHHHHHHHHHHHHHHHH000HHHHHHHHHHHHHHHHHHHHHHHHHHHHHH0000000HHH0000000HHHHHHHHHHHHHHHHHHHHHHHHHHHHHHHHHHHHHHHHHHHHHHHHHHCCCCCCCCCCCCCCCCCCCCCCCCCCHHHHHHHHHHH0HHHHHHHHHH0HHHHHHHHHHHHHHHHHHHHHHHHHHCCCCCCCCHHHHHHHHHHHHHHHHHHHHHHHHHHHHHHHHHHHHHHHHHH00000000000000000000000H00000000
HHHHHHH0000000000000000000HHHHHHHHHHHHHHH0HHHHHHHHHHHHHHHHHHHHHHHHHHHHHHHHH0000000000H00000000HHHHHHHHHHHHHHHHHHHHHHHHHHHHHHHHHHHHHHHHHHHHHHHHHCCCCCCCCCCCCCCCCCCCCCCCCCCCHHHHHHHHH0000HHHH000000HHHHHHHHHHHHHHHHHHHHHHHHCCCCCCCCCHHHHHHHHHHHHHHHHHHHHHHHHHHHHHHHHHHHHHHHHHH00000000000000000000000000000000
HHHHHHH00000000000000000000HHHHHHHHHHHHH0HHHHHHHHHHHHHHHHHHHHHHHHCHHHHHHHH00000000000H0000000000HHHHHHHHHHHHHHHHHHHHHHHHHHHHHHHHHHHHHHHHHHHHHHHCCCCCCCCCCCCCCCCCCCCCCCCCCCCHHHHHHHH00000000000000HHHHHHHHHHHHHHHHHHHHHHHHCCCCCCCCCHHHHHHHHHHHHHHHHHHHHHHHHHHHHHHHHHHHHHHHHHH00000000000000000000000000000000
HHHHHHHH0HH000000000000000HHHHHHHHHHHHHH0HHHHHHHHHHHHHHHHHHHHHHHHHHHHHHHHH00000000000HH000000000HHHHHHHHHHHHHHHHHHHHHHHHHHHHHHHHHHHHHHHHHHHHHHHCCCCCCCCCCCCCCCCCCCCCCCCCCCCHHHHHHH00000000000000000HHHHHHHHHHHHHHHHHHHHHHCCCCCCCCCHHHHHHHHHHHHHHHHHHHHHHHHHHHHHHHHHHHHHHHHHH00000000000000000000000000000000
HHHHHHHHHHHH00000000000000HHHHHHHHHHHHHHHHHHHHHHHHHHHHHHHHHHHHHHHHHHHHHHHHH00000000000000HHHHH00HHHHHHHHHHHHHHHHHHH00HHHHHHHHHHHHHHHHHHHHHHHHHHCCCCCCCCCCCCCCCCCCCCCCCCCCCCHHHHH0000000000000000000HHHHHHHHHHHHHHHHHHHHHHCCCCCCCCCHHHH000HHHHHHHHHHHHHHHHHHHHHHHHHHHHHHHHHHHH0000000000000000000000000000000
