############################################################################################################################################################################################################################################################################################################
#WWWWWWWWWWWWWWWWWWWWWWWWWWWWWWWWW.WWWWWWWWWWWWWWWWWWWWWWWWWWWWWWWWWWWWWWWWWWW######WWWWWWWWWWWWWWWWWWWWWWWWWWWWWWWWWWWWWWWWWWW#########WWWWWWWWWWWWWWWWWW################W#####WW###########WWWWWWWWWWWWWWWWWWWWWWWWWWWWWWWWWWWWWWWWWWWWW...WWWWWWWWWWWWWWWWWW##WWWWWWWWWW##WWWWWWW..........WWWWWWWWWW.WW#
#WWWWWWWWWWWWWWWWWWWWWWWWWWWWWW.....WWWWWWWWWWWW.WW.WWWWWWWWWWWWWWWWWWWWWWWWWWWWW####W#WWWWWWWWWWWWWWWWWWWWWWWWWWWWWWWWWWWWWWWWWWWWW###WWWWWWWWWWWWWWWWWWW###############WW#################WWWWWWWWWWWWWWWWWWWWWWWWWWWWWWWWWWWWWWWWWWWWWWWWWWWWWWWWWWWWWWWWWWWWWWWWWWWWWWW##WWWWWWW.......WWWWWWWWWWWWW.WW#
#WWWWWWWWWWWWWWWWWWWWWWW....WWW.....WWWWWWWWWWW......WWWWWWWWWWWWWWWWWWWWWWWWWWWWWWWWWWWWWWWWWWWWWWWWWWWWWWWWWWWWWWWWWWWWWWWWWWWWWWWWWWWWWWWWWWWWWWWWWWWWWWWWWW#########WW#################WWWWWWWWWWWWWWWWWWWWWWWWWWWWWWWWWWWWWWWWWWWWWWWWWWWWWWWWWWWWWWWWWWWWWWWWWWWWW#WWWWWWWWWWW.......WWWWWWWWWWWWWWWW#
#WWWWWWWWWWWWWWWWWWWWWWW...........WWWWWWWWWWWW......WWWWWWWWWWWW.WWWWWWWWWWWWWWWWWWWWWWWWWWWWWWWWWWWWWWWWWWWWWWWWWWWWWWWWWWWWWWWWWWWWWWWWWWWWWWWWWWWWWWWWWWWWWWW################WWW#######WWWWWWWWWWWWWWWWWWWWWWWWWWWWWWWWWWWWWWWWWWWWWWWW.WWWWWWWWWWWWWWWWWWWWWWWWWWWWWWWWWWWWWWWWW.....WWWWWWWWWWWWWWWWW#
#WWWWWWWWWWWWWWWWWWWWWWW...........WWWWWWWWWWWW.......WWWWWWWW....WWWWWWWWWWWWWWWWWWWWWWWWWWWWWWWWWWWWWWWWWWWWWWWWWWWWWWWWWWWWWWWWWWWWWWWWWWWWWWWWWWWWWWWWWWWWWWWW##############WWWW#####WWWWWWWWWWWWWWWWWWWWWWWWWWWWWWWWWWW##WWWWWWWWWWWWWWWWWWWWWWWWWWWWWWWWWWWWWWWWWWWWWWWWWWWWWWW..WWWWWWWWWWWWWWWWWWWW#
#WWWWWWWWWWWWWWWWWWWWWWWW..........WWWWWWWWWWWW..........WWWWW.....WWWWWWWWWWWWWWWWWWWWWWWWWWWWWWWWWWWWWWWWWWWWWWWWWWWWWWWWWWWWWWWWWWWWWWWWWWWWWWWWWWWWWWWWWWWWWWWWWWW###W#######WW###W##WWWWWWWWWWWWWWWWWWWWWWWWWWWWWWWWWW###WWWWWWWWWWWWWWWWWWWWWWWWWWWWWWWWWWWWWWWWWWWWWWWWWWWWWW..WWWWWWWWWWWWWWWWWWWWW#
#WWWWWWWWWWWWWWWWWWWWWWWW..........WWWWWWWWWWWW...........WWWW......WWWWWWWWWWWWWWWWWWWWWWWWWWWWWWWWWWWWWWWWWWWWWWWWWWWWW##WWWWWWWWWWWWWWWWWWWWWWWWWWWWWWWWWWWWWWWWWWWW##WWWWW##WWW###W###WWWWWWWWWWWWWWWWWWWWWWWWWWWWWWWW####WWWWWWWWWWWWWWWWWWWWWWWWWWWWWWWWWWWWWWWWWWWWWWWWWWW....W.W.WWWWWWWWWWWWWWWWWW#
#...WWWWWWWWWWWWWWWWWWWWWWWW.W.....WWWWWWWWWWW.............WW.......WWWWWWWWWWWWWWWWWWWWWWWWWWWWWWWWWWWWWWWWWWWWWWWWW#####WWWWWWWWWWWWWWWWWWWWWWWWWWWWWWWWWWWWWWWWWWWWW#WWWWWWW#WWWWWWW###WWWWWWWWWWWWWWWWWWWWWWWWWWWWWWWW####WWWWWWWWWWWWWWWWWWWWWWWWWWWWWWWWWWWWWWWWWWWWWWWWWW......WWWWWWWWWWWWWWWWWWWWW#
#....WWWWWWWWWWWWWWWWWWWWWWWWWW.....WWWWWWWWWW..............W.......WWWWWWWWWWWWWWWWWWWWWWWWWWWWWWWW.W.WWWWWWWWWWWWWW#####WWWWWWWWWWWWWWWWWWWWWWWWWWWWWWWWWWWWWWWWWWW###WWWWWWWWWWWWWWWW#WWWWWWWWWWWWWWWWWWWWWWWWWWWWWWWWW#####WWWWWWWWWWWWWWWWWWWWWWWWWWWWWWWWWWWWWWWWWWWWWWWWW......W.WWWWW.WWWWWWWWWWWWW#
#....WWWWWWWWWWWWWWWWWWWWWWWWWWW.....WWWWWWWW.......................WWWWWWWWWWWWWWWWWWWWWWWWWWWWWWWW....WWWWWWWWWWWWWW###WWWWWWWWWWWWWWWWWWWWWWWWWWWWWWWWWWWWWWWWWWWW##WWWWWWWWWWWWWWWWWWWWWWWWWWWWWWWWWWWWWWWWWWWWWWWWWWW#####WWWWWWWWWWWWWWWWWWWWWWWWWWWWWWWWWWWWWWWWWW..WWWWW........WWWWWW..WWWWWWWWWWW#
#.....WWWWWWWWWWWWWWWWWWWWWWWWWWW...WWWWWWWWWW......................WWWWWWWWWWWWWWWWWWWWWWWWWWWWWW......WWWWWWWWWWWWWW##WWWWWWWWWWWWWWWWWWWWWWWWWWWWWWWWWWWWWWWWWWWWWWWWWWWWWWWWWWWWWWW#WWWWWWWWWWWWWWWWWWWWWWWWWWWWWWWWWW######WWWWWWWWWWWWWW##WWWWWWWWWWWWWWWWWWWWWWWW...WWWW........WW...WWWWWWWWWWWWWWW#
#......WWWWWWWWWWWWWWWWWWWWWWWWWWW..WWWWWWWWWWW.....................WWWWWWWWWWWWWWWWWWWWWWWWWWW..........WWWWWWWWWWWWWWWWWWWWWWWWW.WWWWWWWWWWWWWWWWWWWWWWWWWWWWWWWWWWWWWWWWWWWWWWWWWWWW#WWWWWWWWWWWWWWWWWWWWWWWWWWWWWWWWW#######WWWWWWWWWWWWW###W###WWWWWWWWWWWWWWWWWWW......WW........WW....WWWWWWWWWWWWWW#
#......WWWWWWWWWWWWWWWWWWWWWWWWWWWWWWWWWWWWWWWWW....................WWWWWWWWWWWWWWWWWWWWWWWWWW............W...WWWWWWWWWWWWWWWWWWWWWWWWWWWWWWWWWWWWWWWWWWWWWWWWWWWWWWWWWWWWWWWWWWWWW#####WWWWWWWWWWWWWWWWWWWWWWWWWWWWWWWWW########WWWWWWWWWW##########WWWWWWWWWWWWW.....................WW....WWWWWWWWWWWWWW#
#........WWWWWWWWWWWWWWWWWWWWWW.WWWWWWWWWWWWWWWWW...................WWWWWWWWWWWWWWWWWWWWWWWWWW.................WWWWWWWWWWWWWWWWWWWWWWWWWWWWWWWWWWWWWWWWWWWWWWWWWWWWWWWWWWWWWWWW#WW#####WWWWWWWWWWWWWWWWWWWWWWWWWWWWWWWWWW##########WWWWWW##############WWWWWWWWWW.......................W....WWWWWWWWWWWWWW#
#...........WWWWWWWWWWWWWWWWWW..WWWWWWWWWWWWWWWWW................W...WWWWWWWWWWWWWWWWWWWWWWWWW...................WWWWWWWWWWWWWWWWWWWWWWWWWWWWWWWWWWWWWWWWWWWWWWWWWWWWWWWWW#WWWWWW######WWWWWWWWWWWWWWWWWWWWWWWWWWWWWWWWW############WWWW###############WWWWWWWW.........................WW.....WWWWWWWWWWWW#
#...........WWWWWWWWWWWWWWWWWWWWWWWWWWWWWWWWWWWWWWW..............W...WWWWWWWWWWWWWWWWWWWWWWWW....................WWWWWWWWWWWWWWWW.WWWWWWWWWWWWWWWWWWWWWWWWWWWWWWWWWWWWWWWWWWWWWW#######WWWWWWWWWWWWWWWWWWWWWWWWWWWWWWWWW#############W#################WWWWWWW................................WWWWWWWWWWWWW#
#...........WWWWWWWWWWWWWWWWWWWWWWWWWWWWWWWWWWWWWWWWWW...........W....WWWWWWWWWWWWWWWWWWWWWWW....................WWWWWWWWWWWWW.WWWWWWWWWWWWWWWWWWWWWWWWWWWWWW#WWWWWWWWWWWWWWWWW#########WWWWWWWWWWWWWWWWWWWWWWWWWWWWWWW##############################WWWWWWWWW..........................W.....WWWWWWWWWWWWW#
#............WWWWWWWWWWWWWWWWWWWWWWWWWWWWWWWWWWWWWWWWWW.....W...........WWWWWWWWWWWWWWWWWWWW.....................WWWWWWWWWWWWWWWWWWWWWWWWWWWWWWWWWWWWWWWWWWWWWWWWWWWWWWWWWWWWWW#########WWWWWWWWWWWWWWWWWWWWWWWWWWWWWWW##############################WWWWW..............................W.....WWWWWWWWWWWWW#
#...........WWWWWWWWWWWWWWWWWWWWWWWWWWWWWWWWWWWWWWWWWWWWWWWWW............WWWWWWWWWWWWWWWWWWW.....................WWWWWWWWWWWWWWWWWWWWWWWWWWW###WWWWWWWWWW###WWWWWWWWWWWWWWWWWW#############WWWWWWWWWWWWWWWWWWWWWWWWWWWW#############################WWWWWW..........................WWW........WWWWWWWWWWWW#
#..........WWWWWWWWWWWWWWWWWWWWWWWWWWWWWWWWWWWWWWWWWWWWWWWWWW.............WWWWWWWWWWWWWWWWWW.....................WWWWWWWWWWWWWWWWWWWWWWWWWW####WWWWWWWWWWWWWWWWWWWWWWWWWWWWWWW#############WWWWWWWWWWWWWWWWWWWWWWWWWWWW###########WW################WWWWW..........................WWWW.......WWWWWWWWWWWWW#
#...........WWWWWWWWWWWWWWWWWWWWWWWWWWWWWWWWWWWWWWWWWWWWWWWWWW...........WWWWWWWWWWWWWWWWWWW......................WWWWWWWWWWWWWWWWWWWWWWWWW###WWWWWWWWWWWWWWWWWWWWWWWWWWWWWWWW#############WWWWWWWWWWWWWWWWWWWWWWWWWWWW#############################WWWWWW...........................WW......WWWWWWWWWWWWWW#
#...........WWWWWWWWWWWWWWWWWWWWWWWWWWWWWWWWWWWWWWWWWWWW.WWW............WWWWWWWWWWWWWWWWWWWWW.....................WWWWWWWWWWWWWWWWWWWWWWWWW####WWWWWWWWWWWWW##WWWWWWWWWWWWWWWW#############WWWWWWWWWWWWWWWWWWWWWWWWWWWWWWWW#WW#######################WWWWWW...........................W.....WWWWWWWWWWWWWWW#
#............WWWWWWWWWWWWWWWWWWWWWWWWWWWWWWWWWWWWWWWWWW..WWW............WWWWWWWWWWWWWWWWWWWWW......................WWWWWWWWWWWWWWWWWWWWWWWW#####WWWWWWWWWW#####WWWWWWWWWWWWWW##############WWWWWWWWWWWWWWWWWWWWWWWWWWWWWWWWWWWW#######################WWWWWW...............................WWWWWWWWWWWWWWWW#
#............WWWWWWWWWWWWWWWWWWWWWWWWWWWWWWWWWWWWWWWWWW..................WWWWWWWWWWWW.WWWWWWWWW.....................WWWWWWWWWWWWWWWWWWWWWWWW###WWWWWWWWWW#########WWWWWWWWWW###############WWWWWWWWWWWWWWWWWWWWWWWWWWWWWWWWWWWWWWW####################WWWWWWW.............................WWWWWWWWWWWWWWWWW#
#............WWWWWWWWWWWWWWWWWWWWWWWWWWWWWWWWWWWWWWWWWW..................WWWWWWWWWWWWWWWWWWWWWWW....................WWWWWWWWWWWWWWWWWWWWWWWWW##W###WWWWWWW#########WWWWWWWWW##############WWWWWWWWWWWWWWWWWWWWWWWWWWWWWWWWWWWWWWWWW###W###############WWWWWWW............................W.WWWWWWWWWWWWWWWW#
#............WWWWWWWWWWWWWWWWWWWWWWWWWWWWWWWWWWWWWWWWWW.................WWWWWWWWWWWWWWWWWWWWWWWWW............WWW.WWWWWWWWWWWWWWWWWWWWWWWWWWW##WWW#WWWW#WW##########WWWWWWW################WWWWWWWWWWWWWWWWWWWWWWWWWWWWWWWWWWWWWWWWW###################WWWWWWW...........................WWWWWWWWWWWWWWWWWWW#
#............WWWWWWWWWWWWWWWWWWWWWWWWWWWWWWWWWWWWWWWWWW.................WWWWWWWWWWWWWWWWWWWWWWWWW..........WWWWWWWWWWWWWWWWWWWWWWWWWWWWWWWWW##WWWWWWW##WW###########WWWW###################WWWWWWWWWWWWWWWWWWWWWWWWWWWWWWWWWWWWWWWW###################WWWWWWW...........................WWWWWWWWWWWWWWWWWWW#
#............WW.WWWWWWWWWWWWWWWWWWWWWWWWWWWWWWWWWWWWWW................WWWWWWWWWWWWWWWWWWWWWWWWWWWW......WWWWWWWWWWWWWWWWWWWWWWWWWWWWWWWWWWWW#WWWWWWWW#WWWW############W###################WWWWWWWWWWWWWWWWWWWWWWWWWWWWWWWWWWWWWWWWW###################WWWWWWW..........................WWWWWWWWWWWWWWWWWWWW#
#.............WWWW.....WWWWWWWWWWWWWWWWWWWWWWWWWWWWWWWW..............WWWWWWWWWWWWWWWWWWWWWWWWWWWWWW..WWWWWWWWWWWWWWWWWWWWWWWWWWWWWWWWWWWWWWWWWWWWWWWW#WWWW##########WWW###################WWWWWWWWWWWWWWWWWWWWWWWWWWWWWWWWWWWWWWWWWW##################WWWWWW........................WWWWWWWWWWWWWWWWWWWWWWW#
#.............WW........WWWWWWWWWWWWWWWWWWWWWWWWWWWWWWWW.............WWWWWWWWWWWWWWWWWWWWWWWWWWWWWWWWWWWWWWWWWWWWWWWWWWWWWWWWWWWWWWWWWWWWWWWWWWWWWWWWWWWWW#########WWWW###################WWWWWWWWW.WWW.....WWWWWWWWWWWWWWWWWWWWWWWW##################WWWWWW.......................WWWWWWWWWWWWWWWWWWWWWWW##
#..............W........WWWWWWWWWWWWWWWWWWWWWWWWWWWWWWWWW...........WWWWWWWWWWWWWWWWWWWWWWWWWWWWWWWWWWWWWWWWWWWWWWWWWWWWWWWWWWWW###WWWWWWWWWWWWWWWWWW#W##WW##########W###################WWWWWWWWWW.W.WW....WWWWWWWWWWWWWWWWWWWWWWWWW#################WWWWWW.....................WWWWWWWWWWWWWWWWWWWWWWWWWW#
#..............W........WWWWWWWWWWWWWWWWWWWWWWW####WWWWWWW.......WWWWWWWWWWWWWWWWWWWWWWWWWWWWWWWWWWWWWWWWWWWWWWWWWWWWWWWWWWWWWWWW###WWWWWWWWWWWWWWWWW####WWWW###########################WWWWWWWWWWWWWWWWWW...WWWWWWWWWWWWWWWWWWWWWWWWWW###############WWWWWW.....................WWWWWWWWWWWWWWWWWWWWWWWWWW#
#........................WWWWWWWWWWWWWWWWWWWWWW####WWWWWWWWWWWWWWWWWWWWWWWWWWWWWWWWWWWWWWWWWWWWWWWWWWWWWWWWWWWWWWWWWWWWW#WWWWWWWW##WWWWWWWWWWWWWWWWWW####WWWW#####WW#####WWW##WW########WWWWWWWWWWWWWW..W....WWWWWWWWWWWWWWWWWWWWWWWWWWW#############WWWWWW..........WWW........WWWWWWWWWWWWWWWWWWWWWWWWWWW#
#........................WWWWWWWWWW#W##WWWWWWW####W##WWWWWWWWWWWWWWWWWWWWWWWW###WWWWWWWWWWWWWWWW######WWWWWWWWWWWWWWWW####WWWWWWWW#WWWWWWWWWWWWWWWWWWWWWWWWWWW###WWW###WWWWWWWWWW######WWWWWWWWWWWW............WWWWWWWWWWWWWWWWWWWWWWWWW#############WWWWWW........WWW..........WWWWWWWWW#####WWWWWWWWWWWWW#
#.........................WWWWWWWW########WWW###WWWW#WWWWWWWWWWWWWWWWW#WWWWW###WW##WWWWWWWWWW##########WWWWWWWWWWWWWW#####WWWWWWWWWWWWWWWWWWWWWWWWWWWWWWWWWWW##WWWWWW#WWWWWWWWWWW#######WWWWWWWWWWW.............WWWWWWWWWWWWWWWWWWWWWWWWWW###########WWWWWWW..W.W.WWWW..........WWWWWW#########WWWWWWWWWWWW#
#W.........................WWWWWWW###########W#WWWWWWWWWWWWWWWWWWWWWW###########W#WWWWWWWWWWW############W##WWWWWWWW#######WWWWWWWWWWWWWWWWWWWWWWWWWWWWWWWWWWWWWWWWWWWWWWWWWWWWWW######WWWWWWWWWWW..............WWWWWWWWWWWWWWWWWWWWWWWW#############WWWWWWWWWWWW.WWWWWW........WWWWW###########WWWWWWWWWWW#
#W.........................WWWWWWWWW###########WWWWWWWWWWWWWWWWWWWW#############WWWWWWWWWWWWWW##############################WWWWWWWWWWWWWWWWWWWWWWWWWWWWWWWWWWWWWWWWWWWWWWWWWWWWW#####WWWWWWWWWWWW................WWWWWWWWWWWWWWWWWWWWWW#############WWWWWWWWWWWWWWWWWWW.......WWWWWW##########WWWWWWWWWWWW#
#W.........................WWWWWWWWWW#########WWWWWWWWWWWWWWWWWWWWW#############WWWWWWWWWWWWW################################WWWWWWWWWWWWWWWWWWWWWWWWWWWWWWWWWWWWWWWWWWWWWWWWWWWWW####WWWWWWWWWWWW..................WWWWWWWWWWWWWWWWWWWW###############WWWWWWWWWWWWWWWW......WWWWWWW###########WWWWWWWWWWWW#
#W.......................WW.WWWWWWWWW###WWW###WWWWWWWWWWWWWWWWWWWWWW#############WWWW##WWWWW##################################WWWWWWWW...WWWWWWWWWWWWWWWWWWWWWWWWWWWWWWWWWWWWWWWWWW#WWWWWWWWWWWWWW..................WWWWWWWWWWWWWWWWWWWW###############WWWWWWWWWWWWWWWW......WWWWWWW############WWWWWWWWWWW#
#WW...................WWWWWWWWWWWWWWWW#WWW####WWWWWWWWWWWWWWW###WWWW#########WW#W#WWWW##WWWW##################################WWWWWWW.....WWWWWWWWWWWWWWWWWWWWWWWWWWWWWWWWWWWWWWWWWWWWWWWWWWWWWWWW................WWWWWWWWWWWWWWWWWWWWW################WWWWWWWWWWWWWWW......WWWWWWWW#############WWWWWWWWWW#
#WW....................WWWWWWWWWWWWWWWWWWW####WWWWWWWWWWWWW#####WWWW########WWW###WWWWWWWWWW##################################WWWWWWWWWW..WWWWWWWWWWWWWWWWWWWWWWWWWWWWWWWWWWWWWWWWWWWWWWWWWWWWWWWW.................WWWWWWWWWWWWWWWWWWWW###############WWWWWWWWWWWWWWWWW.....WWWWWWWW#############WWWWWWWWWW#
#WWW.....................WWWWWWWWWWWWWWW#######WWWWWWWWWWW######WWW#########WWWWW#WWWWWWWWWW##################################WWWWWWWWWWWWWWWWWWWWWWWWWWWWWWWWWWWWWWWWWWWWWWWWWWWWWW###WWWWWWWWWWW..................WWWWWWWWWWWWWWWWWWWW##############WWWWWWWWWWWWWWWW......WWWWWWW##############WWWWWWWWWW#
#WWW.....................WWWWWWWWWWWWWW########WWWWWWWWW###################WWWWWWWWWWWWWWWWW#################WW###############WWWWWWWWWWWWWWWWWWWWWWWWWWWWWWWWWWWWWWWWWWWWWWWWWWWWWW###WWWWWWWWWWWW................WWWWWWWWWWWWWWWWWWWWW#############WWWWWWWWWWWWWWWWW.....WWWWWWW################WWWWWWWWW#
#WWWW....................WWWWWWWWWWWWW##########WWWWWWWW#WWW##############WWWWWW#WWWWWWWWWWW##############WWWWW##############WWWWWWWWWWWWWWWWWWWWWWWWWWWWWWWWWWW#WWWWWWWWWWWWWWWWWW####WWWWWWWWWWWWW...............WWWWWWWWWWWWWWWWWWWWWW###########WWWWWWWWWWWWWWWW.....WWWWWWWWW################WWWWWW####
#WWWW....................WWWWWWWWWWWWW##########WWWWWW#WWWWWWWW#########WWWWWW#WWWWWWWWWWWW###WW#########WWWWWWWW#######W###WWWWWWWWWWWWWWWWWWWWWWWWWWWWWWWWWWW###WWWWWWWWWWWWWWWW#####WWWWWWWWWWWW...............WWWWWWWWWWWWWWWWWWWWWWWW##########WWWWWWWWWWWWWWW......WWWWWWWWW##########################
#WWWW....................WWWWWWWWWWWWW##########WWWWWWWWWWWWWWWW########WWWWWWWWWWWWWWWWWWWWWWWW########WWWWWWWWWW######WW##WWWWWWWWWWWWWWWW.WWWWWWWWWWWWWWWWWW###WWWWWWWWWWWWWWWW#####WWWWWWWWWWWWW...............WWWWWWWWWWWWWWWWWWWWWWWW#####W#WWWWWWWWWWWWWWW.......WWWWWWWWWW##########################
#WWWW....................WWWWWWWWWWWW############WWWWWWWWWWWWWWWW#######WWWWWWWWWWWWWWWWWWWWWWWW########WWWWWWWWWWW#####W###WWWWWWWWWWWWWWW...WWWWWWWWWWWWWWWWW#WWWWWWWWWWWWWWWWWWW#####WWWWWWWWWWWW................WWWWWWWWWWWWWWWWWWWWWWW#####WWWWWWWWWWWWWWWWW.....WWWWWWWWWWW###########################
#WWW.....................WWWWWWWWWWWW###########WWWWWWWWWWWWWWWWWWWW#####WWWWWWWWWWWWWWWWWWWWWWWWW#####WWWWWWWWWWWWWW##WWWWWWWWWWWWWWWWWW......WWWWWWWWWWWWWWWWWWWWWWWWWWWWWWWWWWWW########WWWWWWWWWW..............WWWWWWWWWWWWWWWWWWWWWWWWWWWWWWWWWWWWWWWWWWWW.......W.WWWWWWWWW###########################
#WWW.....................WWWWWWWWWWWW###########WWWWWWWWWWWWWWWWWWWW####WWWWWWWWWWWWWWWWWWWWWWWWWW####WWWWWWWWWWWWWWWWWW#WWWWWWWWWWWWWWW.......WWWWWWWWWWWWWWWWWWWWWWWWWWWWWWWWWWWW#########WWWWWWWWW............WWWWWWWWWWWWWWWWWW.....WWWWWWWWWWWWWWWWWWWWWWWW....WW...WWWWWWW############################
#WWW.....................WWWWWWWWWWWWWW##WW####WWWWWWWWWWWWWWWWWWWWW####WWWWWWWWWWWWWWWWWWWWWWWW#WW####WWWWWWWWWWWWWWWWWWWWWWWWWWWWWWWWW.......WWWWWWWWWWWWWWWWWWWWWWWWWWW.WWWWWWWW##WW######WWWWWWWW............WWWWWWWWWWWWWWWW.......WWWWWWWWWWWWWWWWWWWWWWWW...WWW..WWWWWWW###W#########################
#WWW....................WWWWWWWWWWWWWWWWW#WW#WWWWWWWWWWWWWWWWWWWWWWW##WWWWWWWWWWWWWWWWWWWWWWWWWWWWW####WWWWWWWWWWWWWWWWWWWWWWWWWWWWWWWWW.......WWWWWWWWWWWWWWWWWWWWWWWWWW..WWWWWWWWWWWW######WWWWWWWW...........WWWWWWWWWWWWWWWWWW......WWWWWWWWWWWWWWWWWWWWWWWWWWWWWWWWWWWWWWWW##WW########################
#WWW....................WWWWWWWWWWWWWWWWWWWWWWWWWWWWWWWWWWWWWWWWWWWW##WWWWWWWWWWWWW.WWW.WWWWWWWWWW#####WWWWWWWWWWWWWWWWWWWWWWWWWWWWWWWWW.......WWWWWWWWWWWWWWWWWWWWWWWWWW...WWWWWWWWWWWW#####WWWWWWWW..........WWWWWWWWWWWWWWWWWW..W...WWWWWWWWWWWWWWWWWWWWWWWWWWWWWWWWWWWWWWWWW#WWW########################
#WWWW...................WWWWWWWWWWWWWWWWWWWWWWWWWWWWWWWWWWWWWWWWWWWWWWWWWWWWWWW..........WWWWWWWWW#####WWWWWWWWWWWWWWWWWWWWWWWWWWWWWWWWW......WWWWWWWWWWWWWWWWWWWWWWWWWWW..WWWWWWWWWWWWWWWWWWWWWWWWWW..........WWWWWWWWWWWWWWWWW..WWWWWWWWWWWWWWWWWWWWWWWWWWWWWWWWWWWWWWWWWWWWWWWWWW########################
#WWWWW...................WWWWWWWWWWWWWWWWWWWWWWWWWWWWWWWWWWWWWWWWWWWWWWWWWWWWW..........WWWWWWWWW######WWWWWWWWWWWWWWWWWWWWW...WWWWWW..........WWWWWWWWWWWWWWWWWWWWWWWWWWWWWWWWWWWWWWWWWWWWWWWWWWWWW...........WWWWWWWWWWWWWWWW...WWWWWWWWWWWWWWWWWWWWWWWW.WWWWWWWWWWWWWWWWWWWWWWW##########################
#WWWWWW.................WWWWWWWWWWWWWWWWWWWWWWWWWW#WWWWWWWWWWWWWWWWWWWWWWWWWW...........WWWWWWWWW######WWWWWWWW.........WW.......W............WWWWWWWWWWWWWWWWWWWWWWWWWWWWWWWWWWWWWWWWWWWWWWWWWWWWWWW..........WWWWWWWWWWWWWWWW..WWWWWWWWWWWWWWWWWWWWWWWWWWWWWWWWWWWWWWWWWWWWWWWWWW#########################
#WWWWWWWWWWW..........WWWWWWWWWWWWWWWWWWWWWWWWWWWW#WWWWWWWWW#WWWWWWWWWWWWWW..............WWWWWWWW######WWWWWW...............................WWWWWWWWWWWWWWWWWWWWWWWWWWWWWWWWWWWWWWWWWWWWWWWWWWWWWWWWW......W..WWWWWWWWWWWWWWWWWWWWWWWWWWWWWWWWWWWWWWWWWWWWWWWWWWWWWWWWWWWWWWWWWWWWW#########################
#WWWWWWWWWWWW...WWWW.WWWWWWWWWWWWWWWWWWWWW...WWWWWWWWWWWWWW###WWWWWWWWWWWW...............WWWWWWWW######WWWWWW..............................WWW.WWWWWWWWWWWWWWWWWWWWWWWWWWWWWWWWWWWWWWWWWWWWWWWWWWWWWW.....WWWWWWWWWWWWWWWW.WWWWWWWWWWWWWWWWWWWWWWWWWWWWWWWWWWWWWWWWWWWWWWWWWWWWWWWWW#############WWW########
#WWWWWWWWWWWWWWWWWW...WWWWWWWWWWWWWWW........WWWWWWWWWWWWW####WWWWWWWWWWW................WWWWWWWW######WWWWWW..............................WW...WWWWWWWWWWWWWWWWWWWWWWWWW...WWWWWWWWWWWWWWWWWWWWWWWWWW...WWWWWWWWWWWWWWWW..WWWWWWWWWWWWWWWWWWWWWWWWWWWWWWWWWWWWWWWWWWWWWWWWWWWWWWWWWW##########WWWWWWW######
#WWWWWWWWWWWWWWWWWW....WWWWWWWWWWWWWW.........WWWWWWWWWWW#####WWWWWWWWW..................WWWWWWWW#####WWWWWWWWW...........................WWW...WWWWWWWWWWWWWWWWWWWWWWWWW...WWWWWWWWWWWWWWWWWWWWWWWWWWWWWWWWWWWWWWWWWWW.WWWWWWWWWWWWWWWWWWWWWWWWWWWWWWWWWWWWWWWWW######WWWWWWWWWWWWWW#########WWWWWWWW######
#WWWWWW..WWWWWWWWWWW....WWWWWWWWWWWWWWWWW....WWWWWWWWWWWW#####WWWWWWWWWW..................WWWWWWW#####WWWWWWWWWW...........................WW...WWWWWWWWWWWWWWWWWWWWWWWW.W.W..WWWWWWWWWWWWWWWWWWWWWWWWWWWWWWWWWWWWWWWWW..WWWWWWWWWWWWWWWWWWWWWWWWWWWWWWWWWWWWWWWW######WWWWWWWWWWWWWWW########WWWWWWWW######
#W....W..WWWWWWWWWW......WWWWWWWWWWWW.........WWWWWWWWWWW#####WWWWWWWWW...................WWWWWWW#####WWWWWWWWWW...........................WW..WWWWWWWWWWWWWWWWWWWWWWWWWW....WWWWWWWWWWWWWWWWWWWWWWWWWWWWWWWWWWWWWWWWWW..WWWWWWWWWWWWWWWWWWWWWWWWWWWWWWWWWWWWWWW#######WWWWWWWWWWWWWW#########WWWWWWWW######
#........WWWWWWWWWWWW.....WWWWWWWWWWW.........WWWWWWWWWWWW####WWWWWWWWW...................WWWWWWW#####WWWWWWWWWW...........................WWWWWWWWWWWWWWWWWWWWWWWWWWWWWW...WWWWWWWWWWWWWWWWWWWWWWWWWWWWWWWWW.WWWWWWWWW.......WWWWWWWWWWWWWWWWWWWWWWWWWWWW.WWWWW######WWWWWWWWWWWWWW#########WWWWWWWWWW#####
#........WWWWWW.WW........WWWWWWWWWWW.........WWWWWWWWWWWWW###WWWWWWWWWWW.................WWWWWW#######WWWWWWWWWWW........................WWWWWWWWWWWWWWWWWWWWWWWWWWWWWWW...WWWWWWWWWWWWWWWWWWWWWWWWWWWWWWWWW.WWWWWWWWWW.......WWWWWWWWWWWWWWWWWWWWWWWWWWW.WWWWW#######WWWWWWWWWWWW##########WWWWWWWWWWW####
#........WWW..............WWWWWWWWWWWW........WWWWWWWWWWWW###WWWWWWWWWWWWW...............WWWWWW########W#WWWWWWWWW.......................WWWWWWWWWWWWWWWWWWWWWWWWWWWWWWWW.WWWWWWWWWWWWWWWWWWWWWWWWWWWWWWWWWWWWWWWWWWWWWW.........WWWWWWWWWWWWWWWWWWWWWW..W.WWWWWW#######WWWWWWWWWWW#########WWWWWWWWWWW#####
#........WWW...............WWWWWWWWWWW........WWWWWWWWWWWWWW#WWWWWWWWWWWWWW.............WWWWWWWW##########WWWWWWWWW......................WWWWWWWWWWWWWWWWWWWWWWWWWWWWWWWWWW.WWWWWWWWWWWWWWWWWWWWWWWWWWWWWWWWWWWWWWWWWWWW.........WWWWWWWWWWWWWWWWWWWW......WWWWWWW######WWWWWWWWWWW########WWWWWWWWWWW######
#..........................WWWWWWWWWWW........WWWWWWWWWWWWWWWWWWWWWWWWWWWWWWW...........WWWWWWW##########WWWWWWWWWWW...............WWW.WWWWWWWWWWWWWWWWWWWWWWWWWWWWWWWW..W.WWWWWWWWWWWWWWWWWWWWWWWWWWWWWWWWWWWWWWWWWWWWWWW........WWWWWWWWWWWWWWWWWWWW.....WWWWWWWW####WWWWWWWWWWWWW#######WWWWWWWWWWW######
#..........................WWWWWWWWWW......WWWWWWWWWWWWWWWWWWWWWWWWWWWWWWWWWWW.....WWWWWWWWWWWWWW#WWW####WWWWWWWWWWWW........WWWWWWWWWWWWWWWWWWWWWWWWWWWWWWWWWWWWWWWWWW...WWWWWWWWWWWWWWWWWWWWWWWW###WWWWWWWWWWWWWWWWWWWWWW.........WWWWWWWWWWWWWWWWW......WWWWWWWW###WWWWWWWWWWWWWWW###W##WWWWWWWWWW#######
#.........W...............WWWWWWWWWW.....WWWWWWWWWWWWWWWWWWWWWWWWWWWWWWWWWWWWWWWWWWWWWWWWWWWWWWWWWWWWW#####WWWWWWWWWWW....WWWWWWWWWWWWWWWWWWWWWWWWWWWWWWWWWWWWWWWWWWWWWW..WWWWWWWWWWWWWWWWWWWWWWWW####WWWWWWWWWWWWWWWWWWWWW..............WWWWWWWWWWWW.....WWWWWWWWWW#WWWWWWWWWWWWWWWWWWWWW#WWWWW############
#.........................WWWWWWWWW..WWWWWWWWWWWWWWWWWWWWWWWWWWWWWWWWWWWWWWWWWWWWWWWWWWWWWWWWWWWWWWWWWW####WWWWWWWWWWWWWWWWWWWWWWWWWWWWWWWWW#WWWWWWWWWWWWWWWWWWWWWWWWWWWWW.WWWW.WWWWWWWWWWWWWWWW######WWWWWWWWWWWWWWWWWWWWWW.............WWWWWWWWWWWW......WWWWWWWWWWWWWWWWWWWWWWWWWWWWWWWWWWWW###W#########
#........................WWWWWWWWWW..WWWWWWWWWWWWWWWWWWWWWWWWWWWWWWWWWWWWWWWWWWWWWWWWWWWWWWWWWWWWWWWWWW####WWWWWWWWWWWWWWWWWWWWWWWWWWWWWWW####WWWWWWWWWWWWWWWWWWWWWWWWWWWWWWWW..WWWWWWWWWWWWWWWW######WWWWWWWWWWWWWWWWWWWWWW.............WWWWWWWWWWWWW......WWWWWWWWWWWWWWWWWWWWWWWWWWWWWWWWWWW##WWWW#######
#.WW.......................WWWWWWWWWWWWWWWWWWWWWWWWWWWWWWWWWWWWWWWWWWWWWWWWWWWWWWWWWWWWWWWWWWWWWWWWWWWWWW#WWWWWWWWWWWWWWWWWWWWWWWWWWWWWWW#####WWWWWWWWWWWWWWWWWWWWWWWWWWWW.WWWWWWWWWWWWWWWWWWWWW#########WWWWWWWWWWWWWWWWWW.W...........WWWWWWWWWWWWWWW......WWWWWWWWWWWWWWWWWWWWWWWWWWWWWWWWWWWWWWWWW######
#WWWW.......................WWWWWWWWWWWWWWWWWWWWWWWWWWWWWWWWWWWWWWWWWWWWWWWWWWWWWWWWWWWWWWWWWWWWWWWWWWWWWWWWWWWWWWWWWWWWWWWWWWWWWWWWWWWW######WWWWWWWWWWWWWWWWWWWWWWWWWWW...WWWWWWWWWWWWWWWWWWWWW###########WWWWWWWWWWWWWWWWWWWW......WWWWWWWWWWWWWWWWW.......WWWWWWWWWWWWWW...WWWWWWWWWWWWWWWWWWWWWWW######
#WWWW.........................WWWWWWWWWWWWWWWWWWWWWWWWWWWWWWWWWWWWWWWWWWWWWWWWWWWWWWWWWWWWWWWWWWWWWWWWWWWWWWWWWWWWWWWWWWWWWWWWWWWWWWWW########WWWWWWWWWWWWWWWWWWWWWWWWWWWWWWWWWWWWWWWWWWWWWWWWWWW###########WWWWWWWWWWWWWWWWWWWWWWWWWWWWWWWWWWWWWWWWWWWWW......WWWWWWWWWWWW......WWWWWWWWWWWWWWWWWWWWWW###W#
#WWW..........................WWWWWWWWWWWWWWWWWWWWWWWWWWWWWWWWWWWWWWWWWWWWWWWWWWWWWWWWWWWWWWWWWWWWWWWWWWWWWWWWWWWWWWWWWWWWWWWWWWWWWWWW#####WW#WWWWWWWWWWWW#WWWWWWWWWWWWWWWWWWWWWWWWW..WWWWWWWWWWW###########WWWWWWWWWWWWWWWWWWWWWWWWWWWWWWWWWWWWWWWWWWWWWWW.....WWWWWWWWWWW.......WWWWWWWWWWWWWWWWWWWWWWWWW#
#WWW..........................WWWWWWWWWWWWWWWWWWWWWWWWWWWWWWWWWWWWWWWWWWWWWWWWWWWWWWWWWWWWWWWWW.WWWWWWWWW.WWWWWWWWWWWWWWWWWWWWWWWWWWWW#####WWW##WWWWWWWWWWWWWWWWWWWWWWWWWWWWWWWWWWWWW.WWWWWWWWWW############WWWWWWWWWWWWWWWWWWWWWWWWWWWWWWWWWWWWWWWWWWWWWWW.....WWWWWWWW..........WWWWWWWWWWWWWWWWWWWWWWWWW#
#WWW.........................WWWWWWWWWWWWWWWWWWWWWWWWWWWWWWWWWWWWWWWWWWWWWWWWWWWWWWWWWWWWWWWWW..WWWWWWWW...WWWWWWWWWW#WWWWWWWWWWWWWWWW##WWWWWWWW#WWWWWWWWWWWWWWWWWWWWWWWWWWWWWWW.WW.....WWWWWW###############WWWWWWWWWWWWWWWWWWWWWWWWWWWWWWWWWWWWWWWWWWWWWW......WWWWWW............WWWWWWWW....WWWWWWWWWWWW#
#WWW........................WWWWWWWWWWWWWWWWWWWWWWWWWWWWWWWWWWWWWWWWWWWWWWWWWWWWWWWWW.WWWWWWWW.....WWW......WWWWWWWWWWWWWWWWWWWWWWWWWWWWWWW#W#WW##WWWWWWWWWWWWWWWWWWWWWWWWWWWWWW......WWWWWWWW###############WWWWWWWWWWWWWWWWWWWWWWWWWWWWWWWWWWWWWWWWWWWWWWWWW....WWWWW...............WWW........WWWWWWWWWW#
#WWW.......................WWWWWWWWW#WWWWWWWWWWWWWWWWWWWWWWWWWWWWWWWWWWWWWWWWWW.......WWWWWWWW................WWWWWWWWWWWW###WWWWWWWWWWWWWW####W##WWWWWWWWWWWWWWWWWWWWWWWWWWWWWWW.....WWWWWWWW################WWWWWWWWWWWWWWWWWWWWWWWWWWWWWWWWWWWWWWWWWWWWWWWW......W...................W.........WWWWWWWWW#
#WWWW......................WWWWWWWWWW##WWW######WWWWWWWWWWWWWWWWWWWWWWWWWWWWW.........WWWWWWWWWWW..............WWWWWWWW#W######WWWWWWWWWWWW###WWW#WWWWWWWWWWWWWWWWWWWWWWWWWWWWWWWW.....WWWWWW#################WWWWWWWWWWWWWWWWWWWWWWWWWWWWWWWWWWWWWWWWWWWWWWWW.........................WWW..........WWWWWWW#
#WWW......................WWWWWWWWW###############WWWWWWWWWWWWWWWWWWWWWWWWWWW.......WWWWWWWWWWWWW..............WWWWWWWW#########WWWWWWWWWWW####WWWWWWWWWWWWWWWWWWWWWWWWWWWWWWWWWWW.....WWWWWW##################WWWWWWWWWWWWWWWWWWWWWWWWWWWWWWWWWWWWWWWWWWWW.WW.........................WWW...........WWWWWW#
#WWWW......................WWWWWWWWWWWW##########WWWWWWWWWWWWWWWWWWWWWWWWWWWW.......WWWWWWWWWWWWW..............WWWWWWW#WW#######WWWWWWWWWWW###WW#W#WWWWWWWWWWWWWWWWWWWWWWWWWWWWWWW.....WWWWW##################WWWWWWWWWWWWWWWWWWWWWWWWWWWWWWWWWWWWWWWWWWWWWWW..........................WWW..........WWWWWWW#
#WWWWW.....................WWWWWWWWWWWWWWWWWW####WWWWWWWWWWWWWWWWWWWWWWWWWWWW.......WWWWWWWWWW................WWWWWWWW##########WWWWWWWWWWW########WWWWWWWWWWWWWWWWWWWWWWWWWWWWWW......WWWWWWW################WWWWWWWWWWWWWWWWWWWWWWWWWWWWWWWWWWWWWWWWWWWWWWW...........................WW........WWWWWWWWW#
#WWWWWW...................WWWWWWWWWWWWWWWWWWWWWWWWWWWWWWWWWW.WWWWWWWWWWWW..W........WWWWWWWWW...............WWWWWWWWW###########WWWWWWWWWWW########WWWWWWWWWWWWWWWWWWWWWWWWWWWWWW......WWWWWWWWWW############WWWWWWWWWWWWWWWWWWWWWWWWWWWWWWWWWWWWWWWWWWWWWWWW....................................WWWWWWWWWW#
#WWWWWWW..................WWWWWWWWWWWWWWWWWWWWWWWWWWWWWWWWWWWWWWWWWWWWWWW......WWWWWWWWWWWWWWW.............WWWWWWWW#############WWWWWWWWWWW#######WWWWWWWWWWWWWWWWWWWWWWWWWWWWWWW.....WWWWWWWWWWW###########WWWWWWWWWWWWWWW.WWWWWWWWWWWWWWWWWWWWWWWWWWWWWWWWWWW.............................WWWWWWWWWWWWWWW#
#WWWWWWWW..................WWWWWWWWWWWWWWWWWWWWWWWWWWWWWW..WWWWWWWWWWWWWWW....WWWWWWWWWWWWWWWWW...........WWWWWWWWW#############WWWWWWWWWW########WWWWWWWWWWWWWWWWWWWWWWWW.WWWWWW.....WWWWWWWWWWW##########WWWWWWWWWWWWWWWW..WWWWWWWWWWWWWWWWWWWWWWWWWWWWWWWWWWWWW.........................WWWWWWWWWWWWWWWW#
#WWWWWWWW..................WWWWWWWWWWWWWWWWWWWWWWWWWWWWWWWWWWWWWWWW.WWWWWWWWWWWWWWWWWWWWWWWWWWWW..........WWWWWWW#W##############WW################WWWWWWWWWWWWWWWWWWWWWWWWWWWWWWWWW.WWWWWWWWWWWWWW###WWW#WWWWWWWWWWWWWWWWW.WWWWWWWWWWWWWWWWWWWWWWWWWWWWWWWWWWWWWWW...............WW.......WWWWWWWWWWWWWWWW#
#WWWWWWWW..................WWWWWWWWWWWWWWWWWWWWWWWWWWWWWWWWWWWWWWWWW.WWWWWWWWWWWWWWWWWWWWWWWWWWWW........WWWWWWWWWWWWWW############################WWWWWWWWWWWWWWWWWWWWWWW..WWWWWWWWWWWWWWWWWWWWWWWWWWWWWWWWWWWWWWWWWWWW.WWWWWWWWWWWWWWWWWWWWWWWWWWWWWWWWWWWWWWWWWWW.......WWW.WWWWWW.......WWWWWWWWWWWWWWW#
##WWWWWWWW.................WWWWWWWWWWWWWWWWWWWWWWWWWWWWWWWWWWWWWWWWW.WWWWWWWWWWWWWWWWWWWWWWWWWWWWW.....WWWWWWWWWWWWWWWWW##########################WWWWWWWWWWWWWWWWWWWWWWW...WWWWWWWWWWWWWWWWWWWWWWWWWWWWWWWWWWWWWWWWWW...WWWWWWWWWWWWWWWWWWWWWWWWWWWWWWWWWWWWWWWWWWWWWWW.WWWWWWWWWWWWW......WWWWWWWWWWWWWWW#
###WWWWWWW..................WWWWWWWWWWWWWWWWWWWWWWWWWWWWWWWWWWWWWWWW.WWWWWWWWWWWWW####WWWWWWWWWWWWWW.WWWWWWWWWWWWWWWWWWWWWWWW###################WWWWWWWWWWWWWWWWWWWWWWWWW....WWWWWWWWWWWWWWWWWWWWWWWWWWWWWWWWWWWWWWW.....WWWWWWWWWWWWWWWWWWWWWWWWWWWWWWWWWWWWWWWWWWWWWWWWWWWWWWWWWWWWWW.....WWWWWW#WWWWWWWW#
#####WWWWWWW.................WWWWWWWWWWWWWWWWWWWWWWWWWWWWWWWWWWWWWWWWWWWWWWWWWW#W#######WWWWWWWWWWWWWWWWWWWWWWWWWWWWWWWWWWWWWW##################WWWWWWWWWWWWWWWWWWWWWWWWW.W.WWWWWWWWWWWWWWWWWWWWWWWWWWWWWWWWWWWWWWW......WWWWWWWWWWWWWWWWW###WWWWWWWWWWWWWWWWWWWWWWWWWWWWWWWWWWWWWWWWWWW...WWWWWWW#WWWW#WWW#
#####WWWWWWW..................WWWWWWWWWWWWWWWWWWWWWWWWWWWWWWWWWWWWWWWWWWWWWWWW###########WWWWWWWWWWWWWWWWWWWWWWWWWWWWWWWWWWWWWW#################WWWWWWWWWWW#WWWWWWWWWWWWWW..WWWWWWWWWWWWWWWWWWWWWWWWWWWWWWWWWWWWWWWW.....WWWWWWWWWWWWWWWWW###WWWWWWWWWWWWWWWWWWWWWWWWWWWWWWWWWWWWWWWWWW.....WWWWWW#WWW###WW#
#####WWWWWWW...................WWWWWWWWWWWWWWWWWWWWWWWWWWWWWWWWWWWWWWWWWWWWWW############WWWWWWWWWWWWWWWWWWWWWWWWWWWWWWWWWWWWWWW################WWWWWWWWWWWWWWWWWWWWWWWWWWWWWWWWWWWWWWWWWWWWWWWWWWWWWWWWWWWWWWWWWW.WWWW..WWWW.WWWWWWWWWW####WWWWWWWWWWWWWWWWWWWWWWWWWWWWWWWWWWWWWWWWWWW......WWWWWWWWW##WWW#
######WWWWWW....................WWWWW..WWW.WWWWWWWWWWWWWWWWWWWWWWWWWWWWWWWWW###############WWWWWWWWWWWWWWWWWWWWWWWWWWWWWWWWWWWWWW###############WWWWWWWWWWWWWW##W#WWWWWWWWWWWW.WWWWWWWWWWWWWWWWWWWWWWWWWWWWWWWWWWWWWWWWWWWWW....WWWWWWWW####WWWWWWWWWWWWWWWWWWWWWWWWWWWWWWWWWWWWWWWWWWW......WWWWWWWWWW#WWW#
#####WWWWWWWW.....................WWW........WWWWWWWWWWWWWWWWWWWWWWWWWWWWW####################WWWWWWWWWWWWWWWWWWWWWWWWWWWWWWWWWWW######################WWWWWW###WWWWWWWWWWWWWWW......WWWWWWWWWWWWWWWWWWWWWWWWWWWWWWWWWWWWWWWWWWWWWWWWWWWWW###WWWWWWWWWWWWWWWWWWWWWWWWWWWWWWWWWWWWW.W.........WWWWWWWWW##WWW#
#####WWWWWWW.............W....................WWWWWWWWWWWWWWWWWWWWWWWWWW#######################WWWWWWWWWWWWWWWWWWWWWWWWWWWWWWWWWWW####WW#################WWW####WWWWWWWWWWWWWW........WWWWWWWWWWWWWWWWWWWWWWWWWWWWWWWWWWWWWWWWWWWWWWWWWWWWW##WWWWWWWWWWWWWWWWWWWWWWWWWWWWWWWWWWWW............WWWWWWWWWW#WWW#
#####WWWWWW...................................WWWWWWWWWWWWW#WWWWWWWWW##########################WWWWWWWWWWWWWWWWWWWWWWWWWWWWWWWWWWWWWWWWW#######################WWWWWWWWWWWWWW..........WWWWWWWWWWWWWWWWWWWWWWWWWWWWWWWWWWWWWWWWWWWWWWWWWWW####W#W#WWWWWWWWWWWWWWWWWWWWWWWWWWWWWWW............WWWWWWWWWWWWWW#
#####WWWWW....................................WWWWWWWWWWW##########W############################WWWWWWWWWWWWWWWWWWWWWWWWWWWWWWWWWWWWWWW######################WWWWWWWWWWWWWWW............WWWWWWWWWWWWWWWWWWWWWWWWWWWWWWWWWWWWWWWWWWWWWWWWWW############WWWWWWWWWWWWWWWWWWWWWWWWWWW............WWWWWWWWWWWWWW#
####WWWWWW...................................WWWWWWWW##########################################WWWWWWWWWWWWWWWWWWWWWWWWWWWWWWWWWWWWWWWW######################WWWWWWWWWWWWWWW.............W.WWWWWWWWWWWWWWWWWWWWWWWWWWWWWWWW...WWWWWWWWWWWW############WWWWWWWWWWWWWWWWWWWWWWWWWWW.WW........WWWWWWWWWWWWWWW#
############################################################################################################################################################################################################################################################################################################
34 1