############################################################################################################################################################################################################################################################################################################
#......WWWWWWWWWWWWWWWWWWWWWWWWW..WWWWWWWWWWWWW..........................WWWWWWWWWWWWWWWWWWW.................WWWWWWWWWWWWWWWWWW.......WWWWWWWWWWWWWWWWWWWWWWWWWWWWWWWWWWWWWWWWWWWWWWWWWWWWWWWWWWWWWWWWWWWWWWWWWWWWWWWWWWW######WWWWW#####################WWWWWW.......................WWWWWWWWWWWWWWWWWWWWW#
#.......WWWWWWWWWWWWWWWWWWWWWWWWWWWWWWWWWWWWWWW.........................WWWWWWWWWWWWWWWWWWWWW...............WWWWWWWWWWWWWWWWWWW.......WWWWWWWWWWWWWWWWWWWWWWWWWWWWWWWWWWWWWWWWWWWWWWWWWWWWWWWWWWWWWWWWWWWWWWWWWWWWWWWWWWW#######WWW######################WWWWW.........................WWWWWWWWWWWWWWWWWWWW#
#.......WWWWWWWWWWWWWWWWWWWWWWWWWWWWWWWWWWWWWWWW......................WWWWWWWWWWWWWWWWWWWWWWWW..............WWWWWWWWWWWWWWWWWWW.......WWWWWWWWWWWWWWWWWWWWWWWWWWWWWWWWWWWWWWWWWWWWWWWWWWWWWWWWWWWWWWWWWWWWWWWWWWWWWWWWWWW#######WWWWWWWW################WWWWWW.........................WWWWWWWWWWWWWWWWWWWW#
#.......WWWWWWWWWWWWWWWWWWWWWWWWWWWWWWWWWWWWWWWW............W........WWWWWWWWWWWWWWWWWWWWWWWWW...............WWWWWWWWWWWWWWWWWW.......WWWWWWWWWWWWWWWWWWWWWWWWWWWWWWWWWWWWWWWWWWWWWWWWWW#WWWWWWWWWWWWWWWWWWWWWWWWWWWWWW#########WWWWWWWW##############WWWWWWW..........................WWWWWWWWWWWWWWWWWWWW#
#.......WWWWWWWWWWWWWWWWWWWWWWWWWWWWWWWWWWWWWWWWW.........WWWW.......WWWWWWWWWWWWWWWWWWWWWWWWW...............WWWWWWWWWWWWWWWWWW.......WWWWWWWWWWWWWWWWWWWWWWWWWWWWWWWWWWWWWWWWWWWWWWWWWW##WWWWWWWWWWWWWWWWWWWWWWWWWWWWW########W####WWWW#############WWWWWWWW..........................WWWWWWWWWWWWWWWWWWWW#
#..........WWWWWWWWWWWWWWWWWWWWWWWWWWWWWWWWWWWWWWWWWWWW..WWWWWW.....WWWWWWWWWWWWWWWWWWWWWWWWWWW.............WWWWWWWWWWWWWWWWWWWWW..WWWWWWWWWWWWWWWWWWWWWWWWWWWWWWWWWWWWWWWWWWWWWWWWWWWW####WWWWWWWWWWWWWWWWWWWWWWWWWWWWWW######WWWWWWWWWW#############WWWWWWW........................WWWWWWWWWWWWWWWWWWWWWW#
#............WWWWWWWWWWWWWWWWWWWWWWWWWWWWWWWWWWWWWWWWWWWWWWWWWWWWWWWWWWWWWWWWWWWWWWWWWWWWWWWWWWW............WWWWWWWWWWWW#WWWWWWWWWWWWWWWWWWWWWWWWWWWWWWWWWWWWWWWWWWWWWWWWWWWWWWWWWW#######WWWWWWWWWWWWWWWWWWWWWWWWWWWWWWWWW#####WWWWWWWWW#############WWWWWWW........................WWWWWWWWWWWWWWWWWWWWWW#
#............WWWWWWWWWWWWWWWWWWWWWWWWWWW#WWWWWWWWWWWWWWWWWWWWWWWWWWWWWWWWWWWWWWWWWWWWWWWWWWWWWWW.........WWWWWWWWWWWWW###WWWWWWWWWWWWWWWWWWWWWWWWWWWWWWWWWWWWWWWWWWWWWWWWWWWWWWWWW#######WWWWWWWWWWWWWWWWWWWWWWWWWWWWWWWWWWW###WWWWWWWWW###############WWWWW....................W...WWWWWWWWWWWWWWWWWWWWWWW#
#.............WWWWWWWWWWWWWWWWWWWWWWWW####WW####WWWWWWWWWWWWWWWWWWWWWWWWWWWWWWWWWWWWWWWWWWWWWWW..W.......WWWWW.WWWWWWW####WWWWWWWWWWWWWWWWWWWWWWWWWWWWWWWWWW#WWWWWWWWWWWWWWWWWWWW########WWWWWWWWWWWWWWWWWWWWWWWWWWWWWWWWWWWWWWWWWWWWWWW##############WWWWWW.................WWWWWWWWWWWWWWWWWWWWWWWWWWWWWW#
#.............WWWWWWWWWWWWWWWWWWWWWWWW####WW#####WWWWWWWWWWWWWWWWWWWWWWWWWWWWW###WWWWWW####WWWWWW...WWWWWWWWW..WWWWWW######WWWWWWWWWWWWWWWWWWWWWWWWWWWWW###W##WWWWWWWWWWWWWWWWWW#########WWWWWWWWWWWWWWWWWW.W.WWWWWWWWWWWWWWWWWWWWWWWWWW##############WWWWW..................WWWWWWWWWWWWWWWWWWWWWWW#WWWWWW#
#..............WWWWWWWWWWWWWWWWWWWWWW############WWWWWWWWWWWWWWWWWWWWWWWWWWWWW####WWWW##WW##WWWWWWWWWWWWWWWWWWWWWWWW########WWWWWWWWWWWWWWWWWWWWWWWWWWWWW#######WWWWWWWWWWWWWWW##########WWWWWWWWWWWWWWWWW.....WWWWWWWWWWWWWWWWWWWWWWWWW#############WWWWWWW.................WWWWWWWWWWWWWWWWWWWWWWWWWWWWWW#
#..............WWWWWWWWWWWWWWWWWWWW###############WWWWWWWWWWWWWWWWWWWWWWWWWWWW##W#WW###WWWWWWWWWWWWWWWWWWWWWWWWWWWW#########WWWWWWWWWWWWWWWWWWWWWWWWWWWW#########WWWWWWWWWWWWW##########WWWWWWWWWWWWWWWWWW.......WWWWWWWWWWWWWWWWWWWWWWW##############WWWWW..................WWWWWWWWWWWWWWWWWWWWW####WWWWW#
#................WWW..WWWWWWWWWWWWW##########W######WWWWWWWWWWWWWWWWWWWWWWWWWWWWWWWWWWWWWWWWWWWWWWWWWWWWWWWWWWWWWW##########WWWWWWWWWWWWWWWWWWWWWWWWWWWW#########WWWWWWWWWWWW###########WWWWWWWWWWWWWW...........WWWWWWWWWWWWWWWWWWWWWWW#############WWWWW...W................WWWWWWWWWW##WWWWWWWWWW#WWWWWW#
#...................WW.WWWWWWWWWW#########WWW########WWWWWWWWWWWWWWWWWWWWWWWWWWWWWWWWWWWWWWWWWWWWWWWWWWWWWWWWW#WW###########WWWWWWWWWWWWWWWWWWWWWWWWWWWWW########WWWWWWWWWWWW###########WWWWWWWWWWWWW............WWWWWWWWWWWWWWWWWWWWWWW############WWWWW...................W.WWWWWWWW######WWWWW#WWWWWWWWW#
#........................WWWWWWW##########WW#########WWWWWWWWWWWWWWWWWWWWWWWWWWWWWWWWWWWWW#WWW##WWWWWWWWWW###################WWWWWWWWWWWWWWWWWWWWWWWWWWW#########WWWWWWWWW###############WWWWWWWWWWWW............WWWWWWWWWWWWWWWWWWWWWWW############WWWWW............W.....WWWWWWWWWWW######WWW##WWWWWWWWWW#
#.........................WWWWWWW#######W#WWWW#######WWWWWWWWWWWWWWWWWWWWWWWWWWWWWWWWWWWW###WW###WWWWWWWW#######################WWWWWWWWWWWWWWWWWWWWWWWWW#########WWWWWWW################WWWWWWWWWWWW............WWWWWWWW......WWWWWWWWW############WWWWW.....WWWWWWWWWW.WWWWWWWWWWW########WW###WWWWWWWWWW#
#.........................WWWWWWWW#####WWWW#WW######WWWWWWWWWWWWWWWWWWWWWWWWWWWW#WWWWWWWW########WWWWWW###########################WWWWWWWWWWWWWWWWWWWWWW############WWWWW#################WWWWW..WWW..............WWW...........WWWWWWWW############WWWWWW...WWWWWWWWWWWWWW..WWWWWWW#############WWWWWWWWWW#
#.........................WWWWWWWW####WWWWWWWW######WWWWWWWWWWWWWWWWWWWWWWWWWWW###WWWWWW##########WWWWW###########################WWWWWWWWWWWW#WWWWWWWWW############WWWWW#################WWWW..................................WWWWWWWWW###########WWWWWWWWWWWWWWWWWWWWWWW.WWWWWWWW#############WWWWWWW####
#W........................WWWWWWW#####WWWWWWWW######WWWWWWWWWWWWWWWWWWWWWWWWWW####WWWWWW###########WWW############################WWWWWWWWW##WWWWWWWW###############WWWW##################WWW...................................WWWWWWWWW############WWWWWWWWWWWWWWWWWWWWWWWWWWWWWWWW############WWWW#######
#W........................WWWWWWW#####WWWWWWWW######WWWWWWWWWWWWWWWWWWWWWWWWWW####WWWWWW############W############################WWWWWWWWWWW#WWWWWWW################WWW###################WWWW..................................WWWWWWWWW#############WWWWWWWWWWWWWWWW.WWWWWWWWWWWWWWW###########WWWW#######
#W........................WWWWWWW####WWWWWWWWW######WWWWWWWWWWWWWWWWWWWWWWWWWW####WWWWWWW###########W##############W#############WWWWWWWWWWWWWWWWWWWW###############WW###################WWWWW......................W............WWWWWWWW#############WWWWWWWWWWWWW.....WWWWWWWWWWWWWW###########WWWWW######
#W........................WWWWWWWW##WWWWWWWWWW#######WWWWWWWWWWWWWWWWWWWWWWWWWW###WWWWWWWW######################################WWWWWWWWWWWWWWWWWWWWWWW##############W###################WWWWW..................WW.WWW...........WWWWWWW##############WWWWWWWWW.WWW.......WWWWWWWWWWWW##########WWWWWW######
#W........................WWWWWWWWW#WWWWWWWWWWW#####WWWWWWWWWWWWWWWWWWWWWWWWWWW#WWWWWWWWWWW############W####################WWWWWWWWWWWWWWWWWWWWWWWWWWWWW#W##########W###################WWWWWW.................WWWWWWW.........WWWWWWWW##############WWWWWWW....WW........WWWWWWWWWWW########WWWWWWWWW#####
#WW..W...................WWWWWWWWWWWWWWWWWWWWWWW####WWWWWWWWWWWWWWWWWWWWWWWWWWWWWWWWWWWWWWWWW################W#W########W#WWWWWWWWWWWWWWWWWWWWWWWWWWWW#WWWWW###WW###WWWW#######W##WW#WWWWWWWWWWWWW..............WWWWWWWWWW.WWWWWWWWWWWWW#############WWWWWWWW..W....WWWWW.WWWWWWWWWWWW#######WWWWWWWWWWWW###
#WWWW...................WWWWWWWWWWWWWWWWWWWWWWWWW###WWWWWWWWWWWWWWWWWWWWWWWWWWWWWWWWWWWWWWWWW##############W##WWW######WWWWWWWWWWWWWWWWWWWWWWWWWWWWWWWWWWWWWWWWWWWWWWWWWWW##WWWWWWWWWWWW#WWWWWWWWW...............WWWWWWWWWWWWWWWWWWWWWWWW############WWWWWWWWWW....WWWWWWWWWWWWWWWWWWW######W#WWWWWWWWWWWWW#
#WWW....................WWWWWWWWWWWWWWWWWWWWWWWWWWWWWWWWWWWWWWWWWWWWWWWWWWWWWWWWWWWWWWWWWWWWWW##############WWWWW######WWWWWWWWWWWWWWWWWWWWWWWWWWWWWWWWWWWWWWWWWWWWWWWWWWWWWWWWWWWWWWWWWWWWWWWWWWWW.............WWWWWWWWWWWWWWWWWWWWWWWWWW############WWWWWWWWWWWWWWWWWWWWWWWWWWWWWWW#########WWWWWWWWWWWWW#
#WW......................WWWWWWWWWWWWWWWWWWWWWWWWWWWWWWWWWWWWWWWWWWWWWWWWWWWWWWWWWWWWWWWWWWWWW##############WWWWWW#WWWWWWWWWWWWWWWWWWWWWWWWWWWWWWWWWWWWWWWWWWWWWWWWWWWWWWWWWWWWWWWWWWWWWWWWWWWWWWWWW............WWWWWWWWWWWWWWWWWWWWWWWWWW############WWWWWWWWWWWWWWWWWWWWWWW.WWWWWW###########WWWWWWWWWWWW#
#...........................WWWWWWWWWWWWWWWWWWWWWWWWWWWW###WWWWW######WWWWWWWWWWWWWWWWWWWWWWWW#############WWWWWWWWWWWWWWWWWWWWWWWWWWWWW....WWWWWWWWWWWWWWWWWWWWWWWWWWWWWWWWWWWWWWWWWWWWWWWWWWWWWWWWW.........WWWWWWWWWWWWWWWWWWWWWWWWWWWWW##########WWWWWWWWWWWWWWWWWWWWWWWWWWWWWWW############WWWWWWWWWWW#
#.................W.W....W...WWWWWWWWWWWWWWWWWWWWWWWWWW#################WWWWWWWWWWWWWWWWWWWWWW#############WWWWWWWWWWWWWWWWWWWWWWWWWWW..........WWWWWWWWWWWWWWWWWWWWWWWWWWWWWWWWWWWWWWWWWWWWWWWWWWWWWWW.W....WWWWWWWWWWWWWWWWWWWWWWWWWWWWWWW########WWWWWWWWWWWWWWWWWWWWWWWWWWWWWWWW###########WWWWWWWWWWWW#
#................WW......W...WWWWWWWWWWWWWWWWWWWWWWWWWW#############W###WWWWWWWWWWWWWWWWWWWWWW############WWWWWWWWWWWWWWWWWWW..WWWWWW...........WWWWWWWWWWWWWWWWWWWWWWWWWWWWWWWWWWWWWWWWWWWWWWWWWWWWWWWWWW...WWWWWWWWWWWWWWWWWWWWWWWWWWWWWWWW#######WWWWWWWWWWWWWWWWWWWWWWWWWWWWWWWW###########WWWWWWWWWWWW#
#...............W.WWWW...WW..WWWWWWWWWWWWWWWWWWWWWWWWWW#############W##WWWWWWWWWWWWWWWWWWWWWWW############WWWWWWWWWWWWWWWWWW.....WWW............WWWWWWWWWWWWWWWWWWWWWWWWWWWWWWWWWWWWWWWWWWWWWWWWWWWWWWWWWWWWWWWWWWWWWWWWWWWWWWWWWWWWWWWWWWWW########WWWWWWWWWWWWWWWWWWWWWWWWWWWWWWWW###########WWWWWWWWWWWW#
#..............W...WWWWWWWWWWWWWWWWWWWWWWWWWWWWWWWWWWWWW#########W##W#WWWWWWWWWWWWWWWWWWWWWWWW##########WWWWWWWWWWWWWWWWWWW.......W.............WWWWWWWWWWWWWWWWWWWWWWWWWW.WWWWWWWWWWWWWWWWWWWWWWWWWWWWWWWWWWWWWWWWWWWWWWWWWWWWWWWWWWWWWWWWW#W#####WWWWWWWWWWWWWWWWWWWWWWWWWWWWWWWWW############WWWWWWWWWWW#
#..............W...WWWWWWWWWWWWWWWWWWWWWWWWWWWWWWWWWWWWWW#######WWWWWWWWWWWWWWWW.WWWWWWWWWWWWWW#########WWWWWWWWWWWWWWWWWW........................WWWWWWWWWWWWWWWWWWWWWWWW.WWWWWWWWWWWWWWWWWWWWWWWWWWW...WWWWWWWWWWWWWWWWWWWWWWWWWWWWWWWWWWWWWW####WWWWWWWWWWWWWWWWWWWWWWWWWWWWWWWWW#############WWWWWWWWWW#
#....................WWWWWWWWWWWWWWWWWWWWWWWWWWWWWWWWWWWWW#####WWWWWWWWWWWWWWWW.....WWWW.WWWWWW########WWWWWWWWWWWWWWWWWWW.........................WWWWWWWWWWWWWWWWWWWWWWWWWWWWWWWWWWWWWWWWWWWWWWWWWW....WWWWWWWWWWWWWWWWWWWWWWWWWWWWWWWWWWWWWWWWWWWWWWWWWWWWWWWWWWWWWWWWWWWWWWWWWWW############WWWWWWWWWWW#
#.......................WWWWWWWWWWWWWWWWWWWWWWWWWWWWWWWWWW#WWWWWWWWWWWWWWWWWWWW.......W....WWWWW#######WWWWWWWWWWWWWWWWW..........................WWWWWWWWWWWWWWWWWWWWWWWWWWWWWWWWWWWWWWWWWWWWWWWWWW......WWWWWWWWWWWWWWWWWWWWWWWWWWWWWWWWWWWWWWWWWWWWWWWWWWWWWWWWWWWWWWWWWWWWWWWWWW#############W#WWWWWWWW#
#W......................WWWWWWWWWWWWWWWWWWWWWWWWWWWWWWWWWWWWWWWWWWWWWWWWWWWWWW.............WWWWWW######WWWWWWWWWWWWWWWW...........................WWWWWWWWWWWWWWWWWWWWWWWWWWWWWWWWWWWWWWWWWWWWWWWWWWW.....WWWWWWWWWWWWWWWWWWWWWWWWWWWWWWWWWWWWWWWWWWWWWWWWWWWWWWWWWWWWWWWWWWWWWWWWWW####################W###
#W.....................WWWWWWWWWWWWWWWWWWWWWWWWWWWWWWWWWWWWWWWWWWWWWWWWWWWWW...............WWWWWWW#####WWWWWWWW....................................WWWWWWWWWWWWWWWWWWWWWW.....WWWWWWWWWWWWWWWWWWWWWWWW....WWWWWWWWWWWWWWWWWWWWWWWWWWWWWWWWWWWWWWWWWWWWWWWWWWWWWWWWWWWWWWWWWWWWW#WWW#########################
#WW....................WWWWWWWWWWWWWWWWWWWWWWWWWWWWWWWWWWWWWWWWWWWWWWWWWWWWW...............WWWWWWWWWWWWWWWWWWWW...................................WWWWWWWWWWWWWWWWWWWWWWW.....WWWWWWWWWWWWWWWWWWWWWWWWW...WWWWWWWWWWWWWWWWWWWWWWWWWW.WWWWWWWWWWWWWWWWWWWWWWWWWWWWWWWWWWWWWWWWWW#WW##########################
#WWW...................WWWWWWWWWWWWWWWWWWWWWWWWWWWWWWWW#WWWWWWW#WWWWWWWWWWW................WWWWWWWWWWWWWWWWWWW...................................WWWWWWWWWWWWWWWWWWWWWW.......WWWWWWWWWWWWWWWWWWWWWWWWW...WWWWWWWWWWWWWWWWWWWWWWWWW....WWWWWWWWWWWWWWWWWWWWWWWWWWWWWWWWWWWWWWW##############################
#WWW....................WWWWWWWWWWWWWWWWWWWWWWWWWWWWWW###WWWWWW##WWWWWWWWWW................WWWWWWWWWWWWWWWWWWW...................................WWWWWWWWWWWWWWWWWWWWWW.......WWWWWWWWWWWWWWWWWWWWWWWWW...WWWWWWWWWWWWWWWWWWWWWWWWW...WWWWWWWWWWWWWWWWWWWWWWWWWWWWWWWWWWWWWWWW##############################
#WWW....................WWWWWWWWWWWWWWWWWWWWWWWWWWWWWWW##WWWWWWWWWWWWWWWWWW................WWWWWWWWWWWWWWWWWWW.....W............................WWWWWWWWWWWWWWWWWWWWWWW.......WWWWWWWWWWWWWWWWWWWWWWWWW..WWWWWWWWWWWWWWWWWWWWWWWWWWW....WWWWWWWWWWWWWWWWWWWWWWWWWWWWWWWWWWWWWW#WW###########################
#WWW....................WWWWWWWWWWWWWWWWWWWWWWWWWWWWWWWWWWWWWWWWWWWWWWWWWWW...............WWWWWWWWWW#WWWWWWWWWW.................................WWWWWWWWWWWWWWWWWWWWWWWW......WWWWWWWWWWWWWWWWWWWWWWWWWWWWWWWWWWWWWWWWWWWWWWWWWWWWWW....WWWWWWWWWWWWWWWWWWWWWWWWWWWWWWWWWWWWWWWWWW##########################
#WWW...................WWWWWWWWWWWWWWWWWWWWWWWWWWWWWWWWWWWWWWWWWWWWWWWWWWWW...............WWWWWWWWW##WWWWWWWWWW.................................WWWWWWWWWWWWWWWWWWWWWWWW......WWWWWWWWWWWWWWWWWWWWWWWWWWWWWWWWWWWWWWWWWWWWWWWWWWWWWW....WWWWWWWWWWWWWWWWWWWWWWWWWWWWWWWWWWWWWWWWWWW#########################
#WW.....................WWWWWWWWWWWWWWWWWWWWWWWWWWWWWWWWWWWWWWWWWWWWWWWWWWW................WWWWWWWW#WWWWWWWWWWW.................................WWWWWWWWWWWWWWWWWWWWWWWW......WWWWWWWWWWWWWWWWWWWWWWWWWWWWWWWWWWWWWWWWWWWWWWWWWWWWWWWWWWWWWWWWWWWWWWWWWWWWWWWWWWWWWWWWWWWWWWWWWWWWWWWW######################
#WW.........WW..........WWWWWWWWWWWWWWWWWWWWWWWWWWWWWWWWWWWWWWWWWWWWWWWWWWWW................WWWWWWWW#WWWWWWWWWW............................W..WWWWWWWWWWWWWWWWWWWWWWWWWW........WWWWWWWWWWWWWWWWWWWWWWWWWWWWWWWWWWWWWWWWWWWWWWWWWWWWWWWWWWWWWWWWWWWWWWWWWWWWWWWWWWWWWWWWWWWWWWWWWWWWWWWW######WWWWWW########
#WW.....WWWWWW.........WWWWWWWWWWWWWWWWWWWWWWWWWWWWWWWWWWWWWWWWWWWWWWWWWWWW................WWWWWWWWWWWWWWWWWWW...........................WWWWWWWWWWWWWWWWWWWWWWWWWWWWWWWW......W.WWWWWWWWWWWWWWWWWWWWWWWWWWWWWWWWWWWWWWWWWWWWWWWWWWWWWWWWWWWWWWWWWWWWWWWWWWWWWWWWWWWWWWWWWWWWWWWWWWWWWWW#WWWWWWWWWWWWW######
#WWW...WWWWWW..W.....WWWWWWWWWWWWWWWWWWWWWWWWWWWWWWWWWWWWWWWWWWWWWWWWWWWWW.................WWWWWWWWWWWWWWWWWW.........................WWWWWWWWWWWWWWWWWWWWWWWWWWWWWWWWWWW......WWWWWWWWWWWWWWWWWWWWWWWWWWWWWWWWWWWWWWWWWWWWWWWWWWWWWWWWWWWWWWWWWWWWWWWWWWWWWWWWWWWWWWWWWWWWWWWWWWWWWWWWWWWWWWWWWWWWWWWWWWW##
#WWWWWWWWWWW..........WWWWWWWWWWWWWWWWWWWWWWWWWWWWWWWWWWWWWWWWWWWWWWWWWWWW.................WWWWWWWWWWWWWWWWW......WWWWWWW.......WWWW.WWWWWWWWWWWWWWWWWWWWWWWWWWWWWWWWWWWWW...W..WWWWWWWWWWWWWWWWWWWWWWWWWWWWWWWWWWWWWWWWWWWWWWWWWWWWWWWWWWWWWWWWWWWWWWWWWWWWWWWWWWWWWWWWWWWWWWWWWWWWWWWWWWWWWWWWWWWWWWWWW###
#WWWWWWWWWWW...........WWWWWWWWWWWWWWWWWWWWWWWWWWWWWWWWWWWWWWWWWWWWWWWWWWWWW...............WWWWWWWWWWWWWWWWW.....WWWWWWWWWW....WWWWWWWWWWWWWWWWWWWWWWWWWWWWWWWWWWWWWWWWWW......WWWW.W...WWWWWWWWWWWWWWWWWWWWWWWWWWWWWWWWWWWWWWWWWWWWWWWWWWWWWWWWWWWWWWWWWWWWWWWWWWWWWWWWWWWWWWWWWWWWWWWWWWWWWWWWWWWWWWWWW###
#WWWWWWWWWWW............WWWWWWWWWWWWWWWWWWWWWWWWWWWWWWWWWWWWWWWWWWWWWWWWWWWW................WWWWWWWWWWWWWWWW....WWWWWWWWWWWWWWWWWWWWWWWWWWWWWWWWWWWWWWWWWWWWWWWWWWWWWWWWW....WWWW.......WWWWWWWWWWWWWWWWWWWWWWWWWWWWWWWWWWWWWWWWWWWWWWWWWWWWWWWWWWWWWWWW.WW.WWWWWWWWWWWWWWWWWWWWWWWWWWWWWWWWWWWWWWWWWWWW####
#WWWWWWWWWWW.............WWWWWWWWWWWWWWWWWWWWWWWWWWWWWWWWWWWWWWWWWWWWWWWWWWW................WWWWWWWWWWWWWWWW....WWWWWWWWWWWWWWWWWWWWWWWWWWWWWWWWWWWWWWWWWWWWWWWWWWWWWWWWW..............WWWWWWWWWWWWWWWWWWWWWWWWWWWWWWWWWWWWWWWWWWWWWWWWWWWWWWWWWWWWWWWWWW...WWWWWWWWWWWWWWWWWW.WWWWWWWWWWWWWWWWWWWWWWWWWW###
#WWWWWWWWWWW...............WWWWWWWWWWWWWWWWWWWWWWWWWWWWWWWWWWWWWWWWWWWWWWWW...................WWWWWWWWWWWWWWWWWWWWWWWWWWWWWWWWWWWWWWWWWWWWWWWWWWWWWWWWWWWWWWWWWWWWWWWWWW...............WWWWWWWWWWWWWWWWWWWWWWWWWWWWWWWWWWWWWWWWWWWWWWWWWWWWWWWWWWWWWWWWWW....WWWWWWWWWWWWWW..W....WWWWWWWWWWWWWWWWWWWWWW####
#WWWWWWWWWWW...............WWWWWWWWWWWWWWWWWWWWWWWWWWWWWWWWWWWWWWWWWWWWWWWW....WW..W...WWWW...WWWWWWWWWWWWWWWWWWWWWWWWWWWWWWWWWWWWWWWWWWWWWWWWWWWWWWWWWWWWWWWWWWWWWWWWWW..............WWWWWWWWWWWWWWWWWWWWWWWWWWWWWWWWWWWWWWWWWWWWWWWWWWWWWWWWWWWWWWWWWWW....WWWWWWWWWWWWW.........WWWWWWWWWWWWWWWWWWWW#####
#WWWWWWWW...................WWWWWWWWWWWWWWWWWWWWWWWWWWWWWWWWWWWWWWWWWWWWWWW...WWWWWWWWWWWWWWWWWWWWWWWWWWWWWWWWWWWWWWWWWWWWWWWWWWWWWWWWWWWWWWWWWWW#WWWWWWWWWWWWWWWWWWWWWW............W..WWWWWWWWW#####WWWWWWWWWWWWWWWWWWWWWWWWWWWWWWWWWWWWWWWWWWWWWWWWWWWW.....WWWWWWWWWWW...........W.WWWWWWWWWWWWWWWWW#####
#WWWWWWW.....................WWWWWWWWWWWWWWWWWWWWWWWWWWWWWWWWWWWWWWWWWWWWW...WWWWWWWWWWWWWWWWWWWWWWWWWWWWWWWWWWWWWWWWWWWWWWWWWWWWWWWW######W##WW##WWWWWWW#WWWWWWWWWWWWWW............WWWWWWWWWWWW#####WWWWW###WWWWWWWWWWWWWWWWWWWWWWWWWWWWWWWWWWWWWWWWWWW......WWWWWWWWWWWW............WWWWWWWWWWWWWWWWW#####
#WWWWWW......................WWWWWWWWWWWWWWWWWWWWWWWWWWWWWWWWWWWWWWWWWWWWWWWWWWWWWWWWWWWWWWWWWWWWWWWWWWWWWWWWWWWW##WWWWWWWWWWWWW###################WWWWWW#WWWWWWWWWWWWWW...........WWWWWWWWWWWWW#############WWWWWWWWWWWWWWWWWWWWWWWWWWWWWWWWWWWWWWWWWWW......WWWWWWWWWWW...............WWWWWWWWWWWWWWW#####
#WWWWW.......................WWWWWWWWWWWWWWWWWWWWWWWWWWWWWWWWWWWWWWWWWWWWWWWWWWWWWWWWWWWWWWWWWWWWWWWWWWWWWWWWWW########WWWWWWWW######################WWWWWWWWWWWWWWWWWW...........WWWW.WWWWWWWW##############WWWWWWWWWWWWWWWWWWWWWWWWWWWWWWWWWWWWWWWWWWW.......WWWWWWWWWW................WWWWWWWWWWWWWW#####
#WWWW.......................WWWWWWWWWWWWWWWWWWWWWWWWWWWWWWWWWWWWWWWWWWWWWWWWWWWWWWWWWWWWWWWWWWWWWWWWWWWWWWWWWW###########WWWWW########################WW##W#WWWWWWWWWWW........WWWWWWW.WWWWWWWW##############WWWWWWWWWWWWWWWWWWWWWWWWWWWWWWWWWWWWWWWWWWW.......WWWWWWWWWW.................WWWWWWWWWWWWW#####
#WW.........................WWWWWWWWWWWWWWWWWWWWWWWWWWWWWWWWWWWWWWWWWWWWWWWWWWWWWWWWWWWWWWWWWWWWWWWWWWWWWWWWWW##############W###############################WWWWWWWWWWW.......WWW...W..WWWWWWWW##############WWWWWWWWWWWWWWWWWW.W.WWWWWWWWWWWWWWWWWWWWWW.......WWWWWWWWWWWW.......W.WWWWWWWW..WWWWWWWWWWW###
#WW.........................WWWWWWWWWWWWWWWWWWWWWWWWWWW.WWWWWWWWWWWWWWWWWWWWWWWWWWWWWWWWWWWWWWWWWWWWWWWWWWWWWW###############################################WWWWWWWWWW.......WWW......WWWWWWWWW#############WWWWWWWWWWWWWWWWWWWW.W.WWWWWWWWWWWWWWWWWW........WWWWWWWWWWWW.......WWWWWWWWWWW..WWWWWWWWWWW###
#WW.........................WWWWWWWWWWWWWWWWWWWWWWWWWWWWWWWWWWWWWWWWWWWWWWWWWWWWWWWWWWWWWWWWWWWWWWWWWWWWWWWWW################################################WWWWWWWWWW.......WWW.WW.WWWWWWWWWW##############WWWWWWWWWWWWWWWWW....WWWWWWWWWWWWWWWWWWWWW........WWWWWWWWWW.W........WWWWWWWW...WWWWWWWWWWW###
#WW.........................WWWWWWWWWWWWWWWWWWWWWWWWWWWWWWWWWWWWWWWWWWWWWWWWWWWWWWWWWWWWWWWWWWWWWWWWWWWWWWWWWW##############################################WWWWWWWWWWWWW......WWWW..WWWWWWWWWW##############WWWWWWWWWWWWWW.WW....WWWWWWWWWWWWWWWWWWWWW.........WWWWWWWW...............WWWWWW.WWWWWWWWWWW###
#WWWWWW.....................WWWWWWWWWWWWWWWWWWWWWWWWWWWWWWWWWWWWWWWWWWWWWWWWWWWWWWWWWWWWWWWWWWWWWWWWWWWWWWWWWWW#########################################W###WWWWWWWWWWWWWWWW.W.WWWW...WWWWWWWWW##############WWWWWWWWWWWWW........WWWWWWWWWWWWWWWWWWWWW..........WWWWWWW...............WWWWWWWWWWWWWWWWWWW##
#WWWWWW....................WWWWWWWWWWWWWWWWWWWWWWWWWWWWWWWWWWWWWWWWWWWWWWWWWWWWWWWWWWWWWWWWWWWWWWWWWWWWWWWWWWWWWW#W##############WWW###############WWWWWWWWWWWWWWWWWWWWWWWWWWWW.WWW....WWWWWWWW##############WWWWWWWWWWWWWW......WWWWWWWWWWWWWWWWWWWWWWWWW.......WWWWWW...............WWWWWWWWWWWWWWWWWWWWW#
#WWWWWW....................WWWWWWWWWWWWWWWWWWWWWWWWWWWWWWWWWWWWWWWWWWWWWWWWWWWWWWWWWWWWWWWWWWWWWWWW..WWWWWWWWWWWWWWWWWWW########WWWW############WWWWWWWWWWWWWWWWWWWWWWWWWWWWWWW..W......WWWWWWWW##############WWWWWWWWWWWWW.....WWWWWWWWWWWWWWWWWWWWWWWWWWWWWWW..WWWWW................WWWWWWWWWWWWWWWWWWWWW#
#WWWWWWWWWW................WWWWWWWWWWWWWWWWWWWWWWWWWWWWWWWWWWWWWWWWWWWWWWWWWWWWWWWWWWWWWWWWWWWWWWWWWWWWWWWWWWWWWWWWWWWWWWW####WWWWWWWW##########WWWWWWWWWWWWWWWWWWWWWWWWWWWWWWW.W......WWWWWWWWW############WWWWWWWWWWWWWWWW...WWWWWWWWWWWWWWWWWWWWWWWWWWWWWWWWWWWWWWWW................WWWWWWWWWWWWWWWWWWWW#
#WWWWWWWWWW................WWWWWWWWWWWWWWWWWWWWWWWWWWWWWWWWWWWWWWWWWWWWWWWWWWWWWWWWWWWWWWWWWWWWWWWWWWWWWWWWWWWWWWWWWWWWWWWWWWWWWWWWWWWWWW#####WWWWWWWWWWWWWWWWWWWWWWWWWWWWWWWWW........WWWWWWWWW###########WWWWWWWWWWWWWWWWWWWWWWWWWWWWWWWWWWWWWWWWWWWWWWWWWWWWWWWWWWWW................W...W..WWWWWWWWWWWWW#
#WWWWWWWWWW..................WWWWWWWWWWWWWWWWWWWWWWWWWWWWWWWWWWWWWWWWWWWWWWWWWWWWWWWWWWWWWWWWWWWWWWWWWWWWWWWWWWWWWWWWWWWWWWWWWWWWWWWWWWWW#####WWWWWWWWWWWWWWWWWWWWWWWWWWWWWWWWW.........WWWWWWWW###########WWWWWWWWWWWWWWWWWWWWWWWWWWWWWWWWWWWWWWWWWWWWWWWWWWWWWWWWWWWWW..............W........WWWWWWWWWWWW#
#WWWWWWWWW.....................WWWWWWWWWWWWWWWWWWWWWWWWWWWWWWWWWWWWWWWWWWWWWWWWWWWWWWWWWWWWWWWWWWWWWWWWWWWWWWWWWWWWWWWWWWWWWWWWWWWWWWWWWW####WWWWWWWWWWWWWWWWWWWWWWWWWWWWWWWWWW..........WWWWWWWWW#########WWWWWWW.WWWWWWWWWWWWWWWWWWWWWWWWWWWWWWWWWWWWWWWWWWWWWWWWWWWWWWW............W.........WWWWWWWWWWW#
#WWWWWWWWW.......................WWWWW.WWWW.WWWWWWWWWWWWWWWWWWWWWWWWWWWWWWWWWWWWWWWWWWWWWWWWWWWWWWWWWWWWWWWWWWWWWWWWWWWWWWWWWWWWWWWWWWWWW#WWWWWWWWWWWWWWWWWWWWWWWWWWWWWWWWWWWWWW..........WWWWWWWW#########WWWWWW...WWWWWWWWWWWWWWWWWWWWWW#WWWWWWWWWWWWWWWWWWWWWWWWWWWWWWW......................WWWWWWWWWWW#
##WWWWWWWWWW......................WWW..W.W...WWWWWWWWWWWWWWWWWWWWWWWWWWWWWWWWWWWWWWWWWWWWWWWWWWWWWWWWWWWWWWWWWWWWWWWWWWWWWWWWWWWWWWWWWWW####WWWW##WWWWWWWWWWWWWWWWWWWWWWWWWWWWWW..........WWWWWWWW#########WWWWWW...WWWWWWWWWWWWWWWWWWWWWWW##WWWWWWWWWWWWWWWWWWWWWWWWWWWWWW............WW.......WWWWWWWWWWW#
###WWWWWWWWW.....................WWWW.....WWWWWWWWWWWWWWWWWWWWWWWWWWWWWWWWWWWWWWWWWWWWWWW##WWWWWWWWWWWWWWWWWWWWWWWWWWWWWWWWWWWWWWWWWWWW####WW#######WWWWWWW#WWWWWWWWWWWWWWWWWWWW..........WWWWWWWWWW####WWWWWWWWW....WW.WWWWWWWWWWWWWWWWWW####WWWWWWWWWWWWWWWWWWWWWWWWWWWWW...........WWWW......WWWWWWWWWWW#
###WWWWWWWWW..................WWWWWWWW....WWWWWWWWWWWWWWWWWWWWWWWWWWWWWWWWWWWWWWWWWWWWW#####WWWWWWWWWWWWWWWWWWWWWWWWWWWWWWWWWWWWWWWWWW##############WWWWWW##W#WWWWWWWWWWWWWWWWWWW.........WWWWWWWWWWWWWWWWWWWWWW.WW.....WWW....WWWWWWWWWWW###WWWWWWWWWWWWWWWWWWWWWWWWWWWWWW............WWWW.....WWWWWWWWWWW#
####WWWWWWWW.................WWWWWWWWWW.....WWWWWWWWWWWWWWWWWWWWWWWWWWWWWW#####WWWWW###########WWWWWWWWWWWWWWWWWWWWWWWWW.WWWWWWWWWWWWW##############WWWWWWWWW###WWWWWWWWWWWWWWWW.......WWWWWWWWWWWWWWWWWWWWWWWWW.WWWW...WW......WWWWWWWWWWWWWWWWWWWWWWWWWWWWWWWWWWWWWWWWWWW............WWW......WWWWWWWWWW##
####WWWWWWWW.................WWWWWWWWWW.....WWWWWWWWWWWWWWWWWWWWWWWWW#W#W#######W###############WWWWWWWWWWWWWWWWWWWWWWWW.WWWWWWWWWWWW#################WWWWWWW####WWWWWWWWWWWWWWW........WWWWWWWWWWWWWWWWWWWWWWWWWWWWWW....W.....WWWWWWWWWWWWWWWWWWWWWWWWWWWWWWWWWWWWWWWWWWWWWWW........W........WWWWWWWWWW##
######WWWWWWW................WWW....WW......WWWWWWWWWWWWWWWWWWWWWWWW#############################WWWWWWWWWWWWWWWWWWWWWWW.WWWWWWWWWWW##################WWWWWWW#####WWWWWWWWWWWWWW.......WWWWWWWWWWWWWWWWWWWWWWWWW.WW..W.........WWWWWWWWWW#WWWWWWWWWWWWWWWWWWWWWWWWWW#WWWWWWWWWWWWWW..WWWW......WWWWWWWWWWW##
#######WWWWWWW.............................WWWWWWWWWWWWWWWWWWWWWWWWWWWWWWW#######################WWWWWWWWWWWWWWWWWWWWWWWWWWWWWWWWW###################WWWWWWWWW#####WWWWWWWW.WWWWW........WWWWWWWWWWWWWWWWWWWWW..................WWWWWWWWW#W#WWWWWWWWWWWWWWWWWWWWWWWWWWWWWWWWWWWWWWWWWWWWWWWWWWWWWWWWWWWWWWW#
#######WWWWWWW..............................WWWWWWWWWWWWWWWWWWWWWWWWWWWWWWW######################WWWWWWWWWWWWWWWWWWWWWWWWWWWWWWWWWW##################WWWWWWWWW#####WWWWWW...WWWW.........WWW....WWWWWWWWW.......................WWWWWWWWW####WWWWWWWWWWWWWWWWWWWWWWWWWWWWWWWWWWWWWWWWW.WW.WWWWWWWWWW#WWWWWW#
########WWWWWW...............................WWWWWWWWWWWWWWWWWWWWWWWWWWWWWW#####################WWWWWWWWWWWWW###WWWWWWWWWWWWWWWWWWW##################WWWWWWWWW######WWWWWW.....W........W.........WWWWWWW......................WWWWWWWWWW####WWWWWWWWWWWWW#WWWWWWWWWW#WWWWWWWWWWWWWWWWW...WWWWWWWW####WWWWW#
#######WWWWWWW................................WWWWWWWWWWWWWWWWWWWWWWWWWWWWWW###################WWWWWWWWWWWWW####WWWWWWWWWWWWWWWWWWW###################WWWWWWW#######WWWWWW.....W........WW.W......WWWWWWW.....................WWWWWWWWW#WW####WWWWWWWWWWW##WWWWWWWWW###WWWWWWWWWWWWWWWW...WWWWWWWW#####WWWW#
#######WWWWWWW................................WWWWWWWWWWWWWWWWWWWWWWWWWWWWWW####################WWWWWWWWWWWW####WWWWWWWWWWWWWWWWWW###################WWWWWWWWW######WWWWWW..............WWW.......WWWWWWWWWW...................WWWWWWW##WW####WWWWWWWWWWWWWWWWWWWWWWWWWWWWWWWWWWWWWWWWW...WWWWWWWW#####WWW##
#######WWWWWWW................................WWWWWWWWWWWWWWWWWWWWWWWWWWWWWW####################WWWWWWWWWWWW###WWWWWWWWWWWWWWWWWWWW################WWWWWWWWWWWWWW##WWWWWWW.....W.......WWWWW....WWWWWWWWWWWW...................WWWWWWWW######WWWWW#WW##WWWWWWWWWWWWWWWWWWWWWWWWWWWWWWWW..WWWWWWWWW#####W####
#######WWWWWWWW..............................WWWWWWWWWWWWWWWWWWWWWWWWWWWWWWW#####################WWWWWWWW#W#WW#WWWWWWWWWWWWWWWWWWW################WWWWWWWWW#WWWWWWWWWWWWWW....WWW....WWWWWWW....WWWWWWWWWWWW..................WWWWWWWWWW#####WWWWWWWW##WWWWWWWWWWWWWWWWWWWWWWWWWWWWWWWWW.WWWWWWWWW##########
#######WWWWWWWW..............................WWWWWWWWW##WWW###WW##WWWWWWWWWW#####################WWWWWWWW####WWWWWWWWWWWWWWWWWWWWWW###############WWWWWWWWWWWWWWWWWWWWWWW.....WWWWWWWWWWWWWW....WWWWWWWWWWWWWW.............WWWWWWWWWWWWWWW###WWWWWWWWW#WWWWWWWWWWWWWWWWWWWWWWWWWWWWWWWWWWWWWWWWWWW########W#
#######WWWWWWWW...................WW........WWWWWWWWWW#########WW#WWWWWWWWW#######################WWWWWWWW##WWWWWWWWWWWWWWWWWWWWWWWW##############WWWWWWWWWWWWWWWWWWWWWW......WWWWWWWWWWWWWW..WWWWWWWWWWWWWWWWWW............WWWWWWWWWWWWWWW##WWWWWWWW#WWWWWWWWWWWWWWWWWWWWWWWWWWWWWWWWWWWWWWWWWWWW########W#
#######WWWWWWWWW.........W.W.........WWW.....WWWWWWWWW#############WWWWWWWWW#####################WWWWWWWWWWWWWWWWWWWWWWWWWWWWWWWWWWWWW############WWWWWWWWWWWWWWWWWWWWWW.......WWWWWWWWWWWWWWW.WWWWWWWWWWWWWWWWWWWW.......WWWWWW..WWWWWWWWW##WWWWWWWWWWWWWWWWWWWWWWWWWWWWWWWWWWWWWWWWWWWWWWWWWWWWW########W#
######WWWWWWWWWWWWWW..WWWWWW......WWWWW....W.WWWWWWWW##############WWWWWWWWW#####################WWWWWWWWWWWWWWWWWWWWWWWWWWWWWWWWWWWWWW##########WWWWWWWWWWWWWWWWWWWWWWWW......W......WWWWWWWWWWWWWWWWWWWWWWWWWWWWWW......W..WW...WWWWWWWWWWWWWWWWWWWWWWWWWWWWWWWWWWWWWWWWWWWWWWWWWWWWWWWWWWWWWWW########WW#
######WWWWWWWWWWWWWWWWWWWWWWW.....WWWWW....W.WWWWWWWW#############WWW##WWW#######################WWWWWWWWWWWWWWWWWWWWWWWWWWWWWWWWWWWWWWW########WWWWWWWWWWWWWWWWWWWWWWWWWWW............WWWWWWWWWWWWWWWWWWWWWWWWWWWWWWWWWWWW.......WWWWWWWWWWWWWWWWWWWWWWWWWWWWWWWWWWWWWWWWWWWWWWWWWWWWWWWWWWWWWWW###WW##WWW#
#####WWWWWWWWWWWWWWWWWWWWWWWWW.WWWWWWW......WWWWWW##################################W#############WWWWWWWWWWWWWWWWWWWWWWWWWWWWWWWWWWWWWWW#######WWWWWWWWWWWWWWWWWWWWWWWWWWWW............WWWWWWWWWWWWWWWWWWWWWWWWWWWWWWWWWWW........WWWWWWWWWWWWWWWWWWWWWWWWWWWWWWWWWWWWWWWWWWWWWWWWWWWWWWWWWWWWWWWWWWW##WWW#
#####WWWWWWWWWWWWWWWWWWWWWWWWWWWWWWWWW.W.WWWWWWWWW###################W#WW###########WW###########WWWWWWWWWWWWWWWWWWWWWWWWWWWWWWWWWWWWWWWWW#####WWWWWWWWWWWWWWWWWWWWWWWWWWWWW............WWWWWWWWWWWWWWWWWWWWWWWWWWWWWWWWWWW........WWWWWWWWWWWWWWWWWWWWWWWWWWWWWW.....WWWWWWWWWWWWWWWWWWWWWWWWWWWWWWWW##WWW#
#####WWWWWWWWWWWWWWWWWWWWWWWWWWWWWWWWWWWWWWWWWWWWWW####################WWW#WW#####WWWWW###########WWWWWWWWWWWWWWWWWWWWWWWWWWWWWWWWWWWWWWWW#####WWWWWWWWWWWWWWWWWWWWWWWWWWWW.............WWWWWWWWWWWWWWWWWWWWWWWWWWWWWWWWWW.........WWWWWWWWWWWWWWWWWWWWWWWWWWWWW......WWWWWWWWWWWWWWWWWWWWWWWWWWWWW#W###WWW#
#####WWWWWWWWWWWWWWWWWWWWWWWWWWWWWWWWWWWWWWWWWWWWWWW###################WWWWWWWWW#WWWWWWW#######W##WWWWWWWWWWWWWWWWWWWWWWWWWWWWWWWWWWWWWWW######WWWWWWWWWWWWWWWWWWWWWW....W.............WWWWWWWWWWWWWWWWWWWWWWWWWWWWWWWWW............WWWWWWWWWWWWWWWWWWWWWWWWWWWWWWWW.WWWWWWWWWWWWWWWWWWWWWWWWWWW########WWW#
#####WWWWWWWWWWWWWWWWWWWWWWWWWWWWWWWWWWWWWWWWWWWWWWW###################WWWWWWWWWWWWWWWWW######WWWWWWWWWWWWWWWWWWWWWWWWWWWWWWWWWWWWWWWWWWWW####WWWWWWWWWWWWWWWWWW.WWW...............WWWWW..WWWWWWWWWWWWW#W#WWWWWWWWWWWWW............WWWWWWWWWWWWWWWWWWWWWWWW.WWWWWWWWWWWWWWWWWWWWWWWWWWWWWWWWW###########WWW#
#####WWWWWWWWWWWWW###WWWWWWWWWWWWWWWWWWWWWWWWWWWWWWW#################WWWWWWWWWWWWWWWWWWWW#####WWWWWWWWWWWWWWWWWWWWWWWWWWWWWWWWWWWWWWWWWWWWWWWWWWWWWWWWWWWWWWWWW....................WWWW..WWWWWWWWWWWWW####WWWWWWWWWWW..............WWWWWWWWWWWWWWWWWWWWWWW...WWWWWWWWWWWWWWWWWWWWWWWWWWWWWW###########WWWWW#
########WWWWWWWWWWW###WWWWWWWWWWWWWWWWWWWWWWWWWWWWWW####################WWWWWWWWWWWWWWWWWW##WWWWWWW#####WWWWWWWWWWWWWWWWWWWWWWWWWWWWWWWWWWWWWWWWWWWWWWWWWWWWWW.....................WWW..WWWWWWWWWWWW#######WWWWWWWWWW.............WWWWWWWWWWWWWWWWWWW.WW......WWWWWWWWWWWWWWWWWWWWW###################WWWWW#
#########WWWWWWW######WWWWWWWWWWWWWWWWWWWWWWWWWWWWWW########W##########WWWWWWWWWWWWWWWWWWWWWWWWWWW######WWWWWWWWWWWWWWWWWWWWWWWWWWWWWWWWWWWWWWWWWWWWWWWWWWWWWW.....................WWWWWWWWWWWWWWWWW########WWWWWWWWW..............WWWWWWWWWWWWWWWWWWW........WWWWWWWWWWWWWWWWWWWWW####################WWWW#
######################WWWWWWWWWWWWWWWWWWWWWWWWWWWWW########WWW#########WWWWWWWWWWWWWWWWWWWWWWWWWW########WWWWWWWWWWWWWWWWWWWWWWWWWWWWWWWWWWWWWWWWWWWWWWWWWWWWW.....................WWWWWWWWWWWWWWWWW########WWWWWWWWW...............WWWWWWWWWWWWWWWWWW........WWWWWWWWWWWWWWWWWWWW##########################
#####################WWWWWWWWWWWWWWWWWWWWWWWWWWWWWW#######WWWWWWWWWW###WWWWWWWWWWWWWWWWWWWWWWWWWW#########WWWWWWWWWWWWWWWWWWWWWWWWWWWWWWWWWWWWWWWWWWWWWWWWWWWW.....................WWWWWWWWWWWWWWWWW#########WWWWWWWW................WWWWWWWWWWWWWWWWW........WWWWWWWWWWWWWWWWWWWW##########################
############################################################################################################################################################################################################################################################################################################
1 1